Archive member included to satisfy reference by file (symbol)

C:\Users\nat\Documents\Arduino\fightstick\build/..\..\..\..\AppData\Local\Temp\arduino\cores\354d923f097ab52450be00e3593e9078\core.a(Print.cpp.o)
                              C:\Users\nat\Documents\Arduino\fightstick\build\libraries\Adafruit_GFX_Library\Adafruit_GFX.cpp.o (Print::write(unsigned char const*, unsigned int))
C:\Users\nat\Documents\Arduino\fightstick\build/..\..\..\..\AppData\Local\Temp\arduino\cores\354d923f097ab52450be00e3593e9078\core.a(SERCOM.cpp.o)
                              C:\Users\nat\Documents\Arduino\fightstick\build\core\variant.cpp.o (SERCOM::SERCOM(Sercom*))
C:\Users\nat\Documents\Arduino\fightstick\build/..\..\..\..\AppData\Local\Temp\arduino\cores\354d923f097ab52450be00e3593e9078\core.a(CDC.cpp.o)
                              C:\Users\nat\Documents\Arduino\fightstick\build\libraries\SD\utility\SdFile.cpp.o (Serial_::write(unsigned char))
C:\Users\nat\Documents\Arduino\fightstick\build/..\..\..\..\AppData\Local\Temp\arduino\cores\354d923f097ab52450be00e3593e9078\core.a(USBCore.cpp.o)
                              C:\Users\nat\Documents\Arduino\fightstick\build/..\..\..\..\AppData\Local\Temp\arduino\cores\354d923f097ab52450be00e3593e9078\core.a(CDC.cpp.o) (USBDeviceClass::available(unsigned long))
C:\Users\nat\Documents\Arduino\fightstick\build/..\..\..\..\AppData\Local\Temp\arduino\cores\354d923f097ab52450be00e3593e9078\core.a(Uart.cpp.o)
                              C:\Users\nat\Documents\Arduino\fightstick\build\core\variant.cpp.o (Uart::Uart(SERCOM*, unsigned char, unsigned char, SercomRXPad, SercomUartTXPad))
C:\Users\nat\Documents\Arduino\fightstick\build/..\..\..\..\AppData\Local\Temp\arduino\cores\354d923f097ab52450be00e3593e9078\core.a(abi.cpp.o)
                              C:\Users\nat\Documents\Arduino\fightstick\build\libraries\Adafruit_GFX_Library\Adafruit_GFX.cpp.o (__cxa_pure_virtual)
C:\Users\nat\Documents\Arduino\fightstick\build/..\..\..\..\AppData\Local\Temp\arduino\cores\354d923f097ab52450be00e3593e9078\core.a(cortex_handlers.c.o)
                              (Reset_Handler)
C:\Users\nat\Documents\Arduino\fightstick\build/..\..\..\..\AppData\Local\Temp\arduino\cores\354d923f097ab52450be00e3593e9078\core.a(delay.c.o)
                              C:\Users\nat\Documents\Arduino\fightstick\build\libraries\SD\utility\Sd2Card.cpp.o (millis)
C:\Users\nat\Documents\Arduino\fightstick\build/..\..\..\..\AppData\Local\Temp\arduino\cores\354d923f097ab52450be00e3593e9078\core.a(hooks.c.o)
                              C:\Users\nat\Documents\Arduino\fightstick\build/..\..\..\..\AppData\Local\Temp\arduino\cores\354d923f097ab52450be00e3593e9078\core.a(delay.c.o) (yield)
C:\Users\nat\Documents\Arduino\fightstick\build/..\..\..\..\AppData\Local\Temp\arduino\cores\354d923f097ab52450be00e3593e9078\core.a(main.cpp.o)
                              c:/users/nat/appdata/local/arduino15/packages/adafruit/tools/arm-none-eabi-gcc/9-2019q4/bin/../lib/gcc/arm-none-eabi/9.2.1/../../../../arm-none-eabi/lib/thumb/v6-m/nofp/crt0.o (main)
C:\Users\nat\Documents\Arduino\fightstick\build/..\..\..\..\AppData\Local\Temp\arduino\cores\354d923f097ab52450be00e3593e9078\core.a(new.cpp.o)
                              C:\Users\nat\Documents\Arduino\fightstick\build\libraries\Adafruit_GFX_Library\Adafruit_GrayOLED.cpp.o (operator new(unsigned int))
C:\Users\nat\Documents\Arduino\fightstick\build/..\..\..\..\AppData\Local\Temp\arduino\cores\354d923f097ab52450be00e3593e9078\core.a(startup.c.o)
                              C:\Users\nat\Documents\Arduino\fightstick\build/..\..\..\..\AppData\Local\Temp\arduino\cores\354d923f097ab52450be00e3593e9078\core.a(cortex_handlers.c.o) (SystemInit)
C:\Users\nat\Documents\Arduino\fightstick\build/..\..\..\..\AppData\Local\Temp\arduino\cores\354d923f097ab52450be00e3593e9078\core.a(wiring.c.o)
                              C:\Users\nat\Documents\Arduino\fightstick\build/..\..\..\..\AppData\Local\Temp\arduino\cores\354d923f097ab52450be00e3593e9078\core.a(main.cpp.o) (init)
C:\Users\nat\Documents\Arduino\fightstick\build/..\..\..\..\AppData\Local\Temp\arduino\cores\354d923f097ab52450be00e3593e9078\core.a(wiring_analog.c.o)
                              C:\Users\nat\Documents\Arduino\fightstick\build/..\..\..\..\AppData\Local\Temp\arduino\cores\354d923f097ab52450be00e3593e9078\core.a(wiring.c.o) (analogReference)
C:\Users\nat\Documents\Arduino\fightstick\build/..\..\..\..\AppData\Local\Temp\arduino\cores\354d923f097ab52450be00e3593e9078\core.a(wiring_digital.c.o)
                              C:\Users\nat\Documents\Arduino\fightstick\build\libraries\Adafruit_NeoPixel\Adafruit_NeoPixel.cpp.o (pinMode)
C:\Users\nat\Documents\Arduino\fightstick\build/..\..\..\..\AppData\Local\Temp\arduino\cores\354d923f097ab52450be00e3593e9078\core.a(wiring_private.c.o)
                              C:\Users\nat\Documents\Arduino\fightstick\build\libraries\Wire\Wire.cpp.o (pinPeripheral)
[...]
Memory Configuration

Name             Origin             Length             Attributes
FLASH            0x00002000         0x0003e000         xr
RAM              0x20000000         0x00008000         xrw
*default*        0x00000000         0xffffffff

Linker script and memory map

LOAD c:/users/nat/appdata/local/arduino15/packages/adafruit/tools/arm-none-eabi-gcc/9-2019q4/bin/../lib/gcc/arm-none-eabi/9.2.1/thumb/v6-m/nofp/crti.o
LOAD c:/users/nat/appdata/local/arduino15/packages/adafruit/tools/arm-none-eabi-gcc/9-2019q4/bin/../lib/gcc/arm-none-eabi/9.2.1/thumb/v6-m/nofp/crtbegin.o
LOAD c:/users/nat/appdata/local/arduino15/packages/adafruit/tools/arm-none-eabi-gcc/9-2019q4/bin/../lib/gcc/arm-none-eabi/9.2.1/../../../../arm-none-eabi/lib/thumb/v6-m/nofp/crt0.o
LOAD C:\Users\nat\Documents\Arduino\fightstick\build\sketch\showoff.ino.cpp.o
LOAD C:\Users\nat\Documents\Arduino\fightstick\build\libraries\Adafruit_NeoPixel\Adafruit_NeoPixel.cpp.o
LOAD C:\Users\nat\Documents\Arduino\fightstick\build\libraries\Adafruit_NeoPixel\esp.c.o
LOAD C:\Users\nat\Documents\Arduino\fightstick\build\libraries\Adafruit_NeoPixel\esp8266.c.o
LOAD C:\Users\nat\Documents\Arduino\fightstick\build\libraries\Adafruit_NeoPixel\kendyte_k210.c.o
LOAD C:\Users\nat\Documents\Arduino\fightstick\build\libraries\Adafruit_GFX_Library\Adafruit_GFX.cpp.o
LOAD C:\Users\nat\Documents\Arduino\fightstick\build\libraries\Adafruit_GFX_Library\Adafruit_GrayOLED.cpp.o
LOAD C:\Users\nat\Documents\Arduino\fightstick\build\libraries\Adafruit_GFX_Library\Adafruit_SPITFT.cpp.o
LOAD C:\Users\nat\Documents\Arduino\fightstick\build\libraries\Adafruit_GFX_Library\glcdfont.c.o
LOAD C:\Users\nat\Documents\Arduino\fightstick\build\libraries\Adafruit_SSD1306\Adafruit_SSD1306.cpp.o
LOAD C:\Users\nat\Documents\Arduino\fightstick\build\libraries\Adafruit_BusIO\Adafruit_BusIO_Register.cpp.o
LOAD C:\Users\nat\Documents\Arduino\fightstick\build\libraries\Adafruit_BusIO\Adafruit_I2CDevice.cpp.o
LOAD C:\Users\nat\Documents\Arduino\fightstick\build\libraries\Adafruit_BusIO\Adafruit_SPIDevice.cpp.o
LOAD C:\Users\nat\Documents\Arduino\fightstick\build\libraries\Wire\Wire.cpp.o
LOAD C:\Users\nat\Documents\Arduino\fightstick\build\libraries\SPI\SPI.cpp.o
LOAD C:\Users\nat\Documents\Arduino\fightstick\build\libraries\Adafruit_ZeroDMA\Adafruit_ZeroDMA.cpp.o
LOAD C:\Users\nat\Documents\Arduino\fightstick\build\libraries\SD\File.cpp.o
LOAD C:\Users\nat\Documents\Arduino\fightstick\build\libraries\SD\SD.cpp.o
LOAD C:\Users\nat\Documents\Arduino\fightstick\build\libraries\SD\utility\Sd2Card.cpp.o
LOAD C:\Users\nat\Documents\Arduino\fightstick\build\libraries\SD\utility\SdFile.cpp.o
LOAD C:\Users\nat\Documents\Arduino\fightstick\build\libraries\SD\utility\SdVolume.cpp.o
LOAD C:\Users\nat\Documents\Arduino\fightstick\build\core\variant.cpp.o
START GROUP
LOAD C:\Users\nat\AppData\Local\Arduino15\packages\adafruit\tools\CMSIS\5.4.0/CMSIS/Lib/GCC/\libarm_cortexM0l_math.a
LOAD C:\Users\nat\Documents\Arduino\fightstick\build/..\..\..\..\AppData\Local\Temp\arduino\cores\354d923f097ab52450be00e3593e9078\core.a
END GROUP
LOAD c:/users/nat/appdata/local/arduino15/packages/adafruit/tools/arm-none-eabi-gcc/9-2019q4/bin/../lib/gcc/arm-none-eabi/9.2.1/../../../../arm-none-eabi/lib/thumb/v6-m/nofp\libstdc++_nano.a
LOAD c:/users/nat/appdata/local/arduino15/packages/adafruit/tools/arm-none-eabi-gcc/9-2019q4/bin/../lib/gcc/arm-none-eabi/9.2.1/../../../../arm-none-eabi/lib/thumb/v6-m/nofp\libm.a
START GROUP
LOAD c:/users/nat/appdata/local/arduino15/packages/adafruit/tools/arm-none-eabi-gcc/9-2019q4/bin/../lib/gcc/arm-none-eabi/9.2.1/thumb/v6-m/nofp\libgcc.a
LOAD c:/users/nat/appdata/local/arduino15/packages/adafruit/tools/arm-none-eabi-gcc/9-2019q4/bin/../lib/gcc/arm-none-eabi/9.2.1/../../../../arm-none-eabi/lib/thumb/v6-m/nofp\libc_nano.a
END GROUP
START GROUP
LOAD c:/users/nat/appdata/local/arduino15/packages/adafruit/tools/arm-none-eabi-gcc/9-2019q4/bin/../lib/gcc/arm-none-eabi/9.2.1/thumb/v6-m/nofp\libgcc.a
LOAD c:/users/nat/appdata/local/arduino15/packages/adafruit/tools/arm-none-eabi-gcc/9-2019q4/bin/../lib/gcc/arm-none-eabi/9.2.1/../../../../arm-none-eabi/lib/thumb/v6-m/nofp\libc_nano.a
LOAD c:/users/nat/appdata/local/arduino15/packages/adafruit/tools/arm-none-eabi-gcc/9-2019q4/bin/../lib/gcc/arm-none-eabi/9.2.1/../../../../arm-none-eabi/lib/thumb/v6-m/nofp\libnosys.a
END GROUP
START GROUP
LOAD c:/users/nat/appdata/local/arduino15/packages/adafruit/tools/arm-none-eabi-gcc/9-2019q4/bin/../lib/gcc/arm-none-eabi/9.2.1/thumb/v6-m/nofp\libgcc.a
LOAD c:/users/nat/appdata/local/arduino15/packages/adafruit/tools/arm-none-eabi-gcc/9-2019q4/bin/../lib/gcc/arm-none-eabi/9.2.1/../../../../arm-none-eabi/lib/thumb/v6-m/nofp\libc_nano.a
LOAD c:/users/nat/appdata/local/arduino15/packages/adafruit/tools/arm-none-eabi-gcc/9-2019q4/bin/../lib/gcc/arm-none-eabi/9.2.1/../../../../arm-none-eabi/lib/thumb/v6-m/nofp\libnosys.a
END GROUP
LOAD c:/users/nat/appdata/local/arduino15/packages/adafruit/tools/arm-none-eabi-gcc/9-2019q4/bin/../lib/gcc/arm-none-eabi/9.2.1/thumb/v6-m/nofp/crtend.o
LOAD c:/users/nat/appdata/local/arduino15/packages/adafruit/tools/arm-none-eabi-gcc/9-2019q4/bin/../lib/gcc/arm-none-eabi/9.2.1/thumb/v6-m/nofp/crtn.o

.text           0x00002000     0x7650
                0x00002000                __text_start__ = .
 *(.sketch_boot)
                0x00002000                . = ALIGN (0x2000)
 *(.isr_vector)
 .isr_vector    0x00002000       0xb4 C:\Users\nat\Documents\Arduino\fightstick\build/..\..\..\..\AppData\Local\Temp\arduino\cores\354d923f097ab52450be00e3593e9078\core.a(cortex_handlers.c.o)
                0x00002000                exception_table
 *(.text*)
 .text          0x000020b4       0x48 c:/users/nat/appdata/local/arduino15/packages/adafruit/tools/arm-none-eabi-gcc/9-2019q4/bin/../lib/gcc/arm-none-eabi/9.2.1/thumb/v6-m/nofp/crtbegin.o
 .text.setup    0x000020fc       0xb0 C:\Users\nat\Documents\Arduino\fightstick\build\sketch\showoff.ino.cpp.o
                0x000020fc                setup
 .text.startup._GLOBAL__sub_I_display
                0x000021ac       0x98 C:\Users\nat\Documents\Arduino\fightstick\build\sketch\showoff.ino.cpp.o
 .text.loop     0x00002244       0x30 C:\Users\nat\Documents\Arduino\fightstick\build\sketch\showoff.ino.cpp.o
                0x00002244                loop
 .text._ZN17Adafruit_NeoPixelD2Ev
                0x00002274       0x1c C:\Users\nat\Documents\Arduino\fightstick\build\libraries\Adafruit_NeoPixel\Adafruit_NeoPixel.cpp.o
                0x00002274                Adafruit_NeoPixel::~Adafruit_NeoPixel()
                0x00002274                Adafruit_NeoPixel::~Adafruit_NeoPixel()
 .text._ZN17Adafruit_NeoPixel5beginEv
                0x00002290       0x22 C:\Users\nat\Documents\Arduino\fightstick\build\libraries\Adafruit_NeoPixel\Adafruit_NeoPixel.cpp.o
                0x00002290                Adafruit_NeoPixel::begin()
 .text._ZN17Adafruit_NeoPixel12updateLengthEt
                0x000022b2       0x3c C:\Users\nat\Documents\Arduino\fightstick\build\libraries\Adafruit_NeoPixel\Adafruit_NeoPixel.cpp.o
                0x000022b2                Adafruit_NeoPixel::updateLength(unsigned short)
 .text._ZN17Adafruit_NeoPixel10updateTypeEt
                0x000022ee       0x46 C:\Users\nat\Documents\Arduino\fightstick\build\libraries\Adafruit_NeoPixel\Adafruit_NeoPixel.cpp.o
                0x000022ee                Adafruit_NeoPixel::updateType(unsigned short)
 .text._ZN17Adafruit_NeoPixel4showEv
                0x00002334      0x1fc C:\Users\nat\Documents\Arduino\fightstick\build\libraries\Adafruit_NeoPixel\Adafruit_NeoPixel.cpp.o
                0x00002334                Adafruit_NeoPixel::show()
 .text._ZN17Adafruit_NeoPixel6setPinEs
                0x00002530       0x34 C:\Users\nat\Documents\Arduino\fightstick\build\libraries\Adafruit_NeoPixel\Adafruit_NeoPixel.cpp.o
                0x00002530                Adafruit_NeoPixel::setPin(short)
 .text._ZN17Adafruit_NeoPixelC2Etst
                0x00002564       0x2e C:\Users\nat\Documents\Arduino\fightstick\build\libraries\Adafruit_NeoPixel\Adafruit_NeoPixel.cpp.o
                0x00002564                Adafruit_NeoPixel::Adafruit_NeoPixel(unsigned short, short, unsigned short)
                0x00002564                Adafruit_NeoPixel::Adafruit_NeoPixel(unsigned short, short, unsigned short)
 .text._ZN17Adafruit_NeoPixel13setPixelColorEthhh
                0x00002592       0x46 C:\Users\nat\Documents\Arduino\fightstick\build\libraries\Adafruit_NeoPixel\Adafruit_NeoPixel.cpp.o
                0x00002592                Adafruit_NeoPixel::setPixelColor(unsigned short, unsigned char, unsigned char, unsigned char)
 .text._ZN5Print17availableForWriteEv
                0x000025d8        0x4 C:\Users\nat\Documents\Arduino\fightstick\build\libraries\Adafruit_GFX_Library\Adafruit_GFX.cpp.o
                0x000025d8                Print::availableForWrite()
 .text._ZN5Print5flushEv
                0x000025dc        0x2 C:\Users\nat\Documents\Arduino\fightstick\build\libraries\Adafruit_GFX_Library\Adafruit_GFX.cpp.o
                0x000025dc                Print::flush()
 .text._ZN12Adafruit_GFX9writeLineEsssst
                0x000025de       0xc6 C:\Users\nat\Documents\Arduino\fightstick\build\libraries\Adafruit_GFX_Library\Adafruit_GFX.cpp.o
                0x000025de                Adafruit_GFX::writeLine(short, short, short, short, unsigned short)
 .text._ZN12Adafruit_GFX10startWriteEv
                0x000026a4        0x2 C:\Users\nat\Documents\Arduino\fightstick\build\libraries\Adafruit_GFX_Library\Adafruit_GFX.cpp.o
                0x000026a4                Adafruit_GFX::startWrite()
                0x000026a4                Adafruit_GFX::endWrite()
 .text._ZN12Adafruit_GFX10writePixelEsst
                0x000026a6        0xa C:\Users\nat\Documents\Arduino\fightstick\build\libraries\Adafruit_GFX_Library\Adafruit_GFX.cpp.o
                0x000026a6                Adafruit_GFX::writePixel(short, short, unsigned short)
 .text._ZN12Adafruit_GFX14writeFastVLineEssst
                0x000026b0       0x10 C:\Users\nat\Documents\Arduino\fightstick\build\libraries\Adafruit_GFX_Library\Adafruit_GFX.cpp.o
                0x000026b0                Adafruit_GFX::writeFastVLine(short, short, short, unsigned short)
 .text._ZN12Adafruit_GFX14writeFastHLineEssst
                0x000026c0       0x10 C:\Users\nat\Documents\Arduino\fightstick\build\libraries\Adafruit_GFX_Library\Adafruit_GFX.cpp.o
                0x000026c0                Adafruit_GFX::writeFastHLine(short, short, short, unsigned short)
 .text._ZN12Adafruit_GFX13writeFillRectEsssst
                0x000026d0       0x18 C:\Users\nat\Documents\Arduino\fightstick\build\libraries\Adafruit_GFX_Library\Adafruit_GFX.cpp.o
                0x000026d0                Adafruit_GFX::writeFillRect(short, short, short, short, unsigned short)
 .text._ZN12Adafruit_GFX13drawFastVLineEssst
                0x000026e8       0x3c C:\Users\nat\Documents\Arduino\fightstick\build\libraries\Adafruit_GFX_Library\Adafruit_GFX.cpp.o
                0x000026e8                Adafruit_GFX::drawFastVLine(short, short, short, unsigned short)
 .text._ZN12Adafruit_GFX13drawFastHLineEssst
                0x00002724       0x3c C:\Users\nat\Documents\Arduino\fightstick\build\libraries\Adafruit_GFX_Library\Adafruit_GFX.cpp.o
                0x00002724                Adafruit_GFX::drawFastHLine(short, short, short, unsigned short)
 .text._ZN12Adafruit_GFX8fillRectEsssst
                0x00002760       0x4e C:\Users\nat\Documents\Arduino\fightstick\build\libraries\Adafruit_GFX_Library\Adafruit_GFX.cpp.o
                0x00002760                Adafruit_GFX::fillRect(short, short, short, short, unsigned short)
 .text._ZN12Adafruit_GFX10fillScreenEt
                0x000027ae       0x1a C:\Users\nat\Documents\Arduino\fightstick\build\libraries\Adafruit_GFX_Library\Adafruit_GFX.cpp.o
                0x000027ae                Adafruit_GFX::fillScreen(unsigned short)
 .text._ZN12Adafruit_GFX8drawRectEsssst
                0x000027c8       0x80 C:\Users\nat\Documents\Arduino\fightstick\build\libraries\Adafruit_GFX_Library\Adafruit_GFX.cpp.o
                0x000027c8                Adafruit_GFX::drawRect(short, short, short, short, unsigned short)
 .text._ZN12Adafruit_GFX13invertDisplayEb
                0x00002848        0x2 C:\Users\nat\Documents\Arduino\fightstick\build\libraries\Adafruit_GFX_Library\Adafruit_GFX.cpp.o
                0x00002848                Adafruit_GFX::invertDisplay(bool)
 .text._ZN12Adafruit_GFX8drawLineEsssst
                0x0000284a       0x82 C:\Users\nat\Documents\Arduino\fightstick\build\libraries\Adafruit_GFX_Library\Adafruit_GFX.cpp.o
                0x0000284a                Adafruit_GFX::drawLine(short, short, short, short, unsigned short)
 .text._ZN12Adafruit_GFX11setRotationEh
                0x000028cc       0x20 C:\Users\nat\Documents\Arduino\fightstick\build\libraries\Adafruit_GFX_Library\Adafruit_GFX.cpp.o
                0x000028cc                Adafruit_GFX::setRotation(unsigned char)
 .text._ZN12Adafruit_GFXC2Ess
                0x000028ec       0x30 C:\Users\nat\Documents\Arduino\fightstick\build\libraries\Adafruit_GFX_Library\Adafruit_GFX.cpp.o
                0x000028ec                Adafruit_GFX::Adafruit_GFX(short, short)
                0x000028ec                Adafruit_GFX::Adafruit_GFX(short, short)
 .text._ZN12Adafruit_GFX10drawBitmapEssPKhsst
                0x0000291c       0xae C:\Users\nat\Documents\Arduino\fightstick\build\libraries\Adafruit_GFX_Library\Adafruit_GFX.cpp.o
                0x0000291c                Adafruit_GFX::drawBitmap(short, short, unsigned char const*, short, short, unsigned short)
 *fill*         0x000029ca        0x2 
 .text._ZN12Adafruit_GFX8drawCharEsshtthh
                0x000029cc      0x2dc C:\Users\nat\Documents\Arduino\fightstick\build\libraries\Adafruit_GFX_Library\Adafruit_GFX.cpp.o
                0x000029cc                Adafruit_GFX::drawChar(short, short, unsigned char, unsigned short, unsigned short, unsigned char, unsigned char)
 .text._ZN12Adafruit_GFX5writeEh
                0x00002ca8      0x100 C:\Users\nat\Documents\Arduino\fightstick\build\libraries\Adafruit_GFX_Library\Adafruit_GFX.cpp.o
                0x00002ca8                Adafruit_GFX::write(unsigned char)
 .text._ZN12Adafruit_GFX11setTextSizeEh
                0x00002da8        0xe C:\Users\nat\Documents\Arduino\fightstick\build\libraries\Adafruit_GFX_Library\Adafruit_GFX.cpp.o
                0x00002da8                Adafruit_GFX::setTextSize(unsigned char)
 .text._ZN16Adafruit_SSD13069drawPixelEsst
                0x00002db6       0xbe C:\Users\nat\Documents\Arduino\fightstick\build\libraries\Adafruit_SSD1306\Adafruit_SSD1306.cpp.o
                0x00002db6                Adafruit_SSD1306::drawPixel(short, short, unsigned short)
 .text._ZN16Adafruit_SSD1306C2EhhP7TwoWireamm
                0x00002e74       0x60 C:\Users\nat\Documents\Arduino\fightstick\build\libraries\Adafruit_SSD1306\Adafruit_SSD1306.cpp.o
                0x00002e74                Adafruit_SSD1306::Adafruit_SSD1306(unsigned char, unsigned char, TwoWire*, signed char, unsigned long, unsigned long)
                0x00002e74                Adafruit_SSD1306::Adafruit_SSD1306(unsigned char, unsigned char, TwoWire*, signed char, unsigned long, unsigned long)
 .text._ZN16Adafruit_SSD1306D2Ev
                0x00002ed4       0x12 C:\Users\nat\Documents\Arduino\fightstick\build\libraries\Adafruit_SSD1306\Adafruit_SSD1306.cpp.o
                0x00002ed4                Adafruit_SSD1306::~Adafruit_SSD1306()
                0x00002ed4                Adafruit_SSD1306::~Adafruit_SSD1306()
 .text._ZN16Adafruit_SSD130616ssd1306_command1Eh
                0x00002ee6       0x7e C:\Users\nat\Documents\Arduino\fightstick\build\libraries\Adafruit_SSD1306\Adafruit_SSD1306.cpp.o
                0x00002ee6                Adafruit_SSD1306::ssd1306_command1(unsigned char)
 .text._ZN16Adafruit_SSD130613invertDisplayEb
                0x00002f64       0x5e C:\Users\nat\Documents\Arduino\fightstick\build\libraries\Adafruit_SSD1306\Adafruit_SSD1306.cpp.o
                0x00002f64                Adafruit_SSD1306::invertDisplay(bool)
 .text._ZN16Adafruit_SSD130619ssd1306_commandListEPKhh
                0x00002fc2       0xc0 C:\Users\nat\Documents\Arduino\fightstick\build\libraries\Adafruit_SSD1306\Adafruit_SSD1306.cpp.o
                0x00002fc2                Adafruit_SSD1306::ssd1306_commandList(unsigned char const*, unsigned char)
 .text._ZN16Adafruit_SSD130612clearDisplayEv
                0x00003082       0x22 C:\Users\nat\Documents\Arduino\fightstick\build\libraries\Adafruit_SSD1306\Adafruit_SSD1306.cpp.o
                0x00003082                Adafruit_SSD1306::clearDisplay()
 .text._ZN16Adafruit_SSD13065beginEhhbb
                0x000030a4      0x338 C:\Users\nat\Documents\Arduino\fightstick\build\libraries\Adafruit_SSD1306\Adafruit_SSD1306.cpp.o
                0x000030a4                Adafruit_SSD1306::begin(unsigned char, unsigned char, bool, bool)
 .text._ZN16Adafruit_SSD130621drawFastHLineInternalEssst
                0x000033dc       0x8e C:\Users\nat\Documents\Arduino\fightstick\build\libraries\Adafruit_SSD1306\Adafruit_SSD1306.cpp.o
                0x000033dc                Adafruit_SSD1306::drawFastHLineInternal(short, short, short, unsigned short)
 *fill*         0x0000346a        0x2 
 .text._ZN16Adafruit_SSD130621drawFastVLineInternalEssst
                0x0000346c       0xfc C:\Users\nat\Documents\Arduino\fightstick\build\libraries\Adafruit_SSD1306\Adafruit_SSD1306.cpp.o
                0x0000346c                Adafruit_SSD1306::drawFastVLineInternal(short, short, short, unsigned short)
 .text._ZN16Adafruit_SSD130613drawFastHLineEssst
                0x00003568       0x4e C:\Users\nat\Documents\Arduino\fightstick\build\libraries\Adafruit_SSD1306\Adafruit_SSD1306.cpp.o
                0x00003568                Adafruit_SSD1306::drawFastHLine(short, short, short, unsigned short)
 .text._ZN16Adafruit_SSD130613drawFastVLineEssst
                0x000035b6       0x4e C:\Users\nat\Documents\Arduino\fightstick\build\libraries\Adafruit_SSD1306\Adafruit_SSD1306.cpp.o
                0x000035b6                Adafruit_SSD1306::drawFastVLine(short, short, short, unsigned short)
 .text._ZN16Adafruit_SSD13067displayEv
                0x00003604      0x14c C:\Users\nat\Documents\Arduino\fightstick\build\libraries\Adafruit_SSD1306\Adafruit_SSD1306.cpp.o
                0x00003604                Adafruit_SSD1306::display()
 .text._ZN16Adafruit_SSD13063dimEb
                0x00003750       0x6a C:\Users\nat\Documents\Arduino\fightstick\build\libraries\Adafruit_SSD1306\Adafruit_SSD1306.cpp.o
                0x00003750                Adafruit_SSD1306::dim(bool)
 .text._ZN7TwoWire5writeEPKhj
                0x000037ba       0x24 C:\Users\nat\Documents\Arduino\fightstick\build\libraries\Wire\Wire.cpp.o
                0x000037ba                TwoWire::write(unsigned char const*, unsigned int)
 .text._ZN7TwoWire5flushEv
                0x000037de        0x2 C:\Users\nat\Documents\Arduino\fightstick\build\libraries\Wire\Wire.cpp.o
                0x000037de                TwoWire::flush()
 .text._ZN7TwoWire4peekEv
                0x000037e0       0x1a C:\Users\nat\Documents\Arduino\fightstick\build\libraries\Wire\Wire.cpp.o
                0x000037e0                TwoWire::peek()
 .text._ZN7TwoWire9availableEv
                0x000037fa       0x12 C:\Users\nat\Documents\Arduino\fightstick\build\libraries\Wire\Wire.cpp.o
                0x000037fa                TwoWire::available()
 .text._ZN7TwoWireC2EP6SERCOMhh
                0x0000380c       0x5c C:\Users\nat\Documents\Arduino\fightstick\build\libraries\Wire\Wire.cpp.o
                0x0000380c                TwoWire::TwoWire(SERCOM*, unsigned char, unsigned char)
                0x0000380c                TwoWire::TwoWire(SERCOM*, unsigned char, unsigned char)
 .text._ZN7TwoWire5beginEv
                0x00003868       0x40 C:\Users\nat\Documents\Arduino\fightstick\build\libraries\Wire\Wire.cpp.o
                0x00003868                TwoWire::begin()
 .text._ZN7TwoWire8setClockEm
                0x000038a8       0x1c C:\Users\nat\Documents\Arduino\fightstick\build\libraries\Wire\Wire.cpp.o
                0x000038a8                TwoWire::setClock(unsigned long)
 .text._ZN7TwoWire17beginTransmissionEh
                0x000038c4       0x16 C:\Users\nat\Documents\Arduino\fightstick\build\libraries\Wire\Wire.cpp.o
                0x000038c4                TwoWire::beginTransmission(unsigned char)
 .text._ZN11RingBufferNILi256EE10store_charEh
                0x000038da       0x1a C:\Users\nat\Documents\Arduino\fightstick\build\libraries\Wire\Wire.cpp.o
                0x000038da                RingBufferN<256>::store_char(unsigned char)
 .text._ZN7TwoWire5writeEh
                0x000038f4       0x2c C:\Users\nat\Documents\Arduino\fightstick\build\libraries\Wire\Wire.cpp.o
                0x000038f4                TwoWire::write(unsigned char)
 .text._ZN11RingBufferNILi256EE9read_charEv
                0x00003920       0x20 C:\Users\nat\Documents\Arduino\fightstick\build\libraries\Wire\Wire.cpp.o
                0x00003920                RingBufferN<256>::read_char()
 .text._ZN7TwoWire15endTransmissionEb
                0x00003940       0x70 C:\Users\nat\Documents\Arduino\fightstick\build\libraries\Wire\Wire.cpp.o
                0x00003940                TwoWire::endTransmission(bool)
 .text._ZN7TwoWire15endTransmissionEv
                0x000039b0        0xa C:\Users\nat\Documents\Arduino\fightstick\build\libraries\Wire\Wire.cpp.o
                0x000039b0                TwoWire::endTransmission()
 .text._ZN7TwoWire4readEv
                0x000039ba        0xa C:\Users\nat\Documents\Arduino\fightstick\build\libraries\Wire\Wire.cpp.o
                0x000039ba                TwoWire::read()
 .text._ZN7TwoWire9onServiceEv
                0x000039c4      0x11c C:\Users\nat\Documents\Arduino\fightstick\build\libraries\Wire\Wire.cpp.o
                0x000039c4                TwoWire::onService()
 .text.SERCOM3_Handler
                0x00003ae0       0x10 C:\Users\nat\Documents\Arduino\fightstick\build\libraries\Wire\Wire.cpp.o
                0x00003ae0                SERCOM3_Handler
 .text.startup._GLOBAL__sub_I__ZN7TwoWireC2EP6SERCOMhh
                0x00003af0       0x18 C:\Users\nat\Documents\Arduino\fightstick\build\libraries\Wire\Wire.cpp.o
 .text._ZN8SPIClass11dmaCallbackEP16Adafruit_ZeroDMA
                0x00003b08       0x18 C:\Users\nat\Documents\Arduino\fightstick\build\libraries\SPI\SPI.cpp.o
                0x00003b08                SPIClass::dmaCallback(Adafruit_ZeroDMA*)
 .text._ZN8SPIClassC2EP6SERCOMhhh14SercomSpiTXPad11SercomRXPad
                0x00003b20       0x74 C:\Users\nat\Documents\Arduino\fightstick\build\libraries\SPI\SPI.cpp.o
                0x00003b20                SPIClass::SPIClass(SERCOM*, unsigned char, unsigned char, unsigned char, SercomSpiTXPad, SercomRXPad)
                0x00003b20                SPIClass::SPIClass(SERCOM*, unsigned char, unsigned char, unsigned char, SercomSpiTXPad, SercomRXPad)
 .text._ZN8SPIClass6configE11SPISettings
                0x00003b94       0x36 C:\Users\nat\Documents\Arduino\fightstick\build\libraries\SPI\SPI.cpp.o
                0x00003b94                SPIClass::config(SPISettings)
 *fill*         0x00003bca        0x2 
 .text._ZN8SPIClass16beginTransactionE11SPISettings
                0x00003bcc       0x38 C:\Users\nat\Documents\Arduino\fightstick\build\libraries\SPI\SPI.cpp.o
                0x00003bcc                SPIClass::beginTransaction(SPISettings)
 .text._ZN8SPIClass14endTransactionEv
                0x00003c04       0x28 C:\Users\nat\Documents\Arduino\fightstick\build\libraries\SPI\SPI.cpp.o
                0x00003c04                SPIClass::endTransaction()
 .text._ZN8SPIClass8transferEh
                0x00003c2c        0xa C:\Users\nat\Documents\Arduino\fightstick\build\libraries\SPI\SPI.cpp.o
                0x00003c2c                SPIClass::transfer(unsigned char)
 *fill*         0x00003c36        0x2 
 .text._ZN8SPIClass15getDataRegisterEv
                0x00003c38       0x20 C:\Users\nat\Documents\Arduino\fightstick\build\libraries\SPI\SPI.cpp.o
                0x00003c38                SPIClass::getDataRegister()
 .text._ZN8SPIClass13getDMAC_ID_TXEv
                0x00003c58       0x24 C:\Users\nat\Documents\Arduino\fightstick\build\libraries\SPI\SPI.cpp.o
                0x00003c58                SPIClass::getDMAC_ID_TX()
 .text._ZN8SPIClass13getDMAC_ID_RXEv
                0x00003c7c       0x24 C:\Users\nat\Documents\Arduino\fightstick\build\libraries\SPI\SPI.cpp.o
                0x00003c7c                SPIClass::getDMAC_ID_RX()
 .text._ZN8SPIClass11dmaAllocateEv
                0x00003ca0       0xfc C:\Users\nat\Documents\Arduino\fightstick\build\libraries\SPI\SPI.cpp.o
                0x00003ca0                SPIClass::dmaAllocate()
 .text._ZN8SPIClass5beginEv
                0x00003d9c       0x68 C:\Users\nat\Documents\Arduino\fightstick\build\libraries\SPI\SPI.cpp.o
                0x00003d9c                SPIClass::begin()
 .text.startup._GLOBAL__sub_I__ZN8SPIClassC2EP6SERCOMhhh14SercomSpiTXPad11SercomRXPad
                0x00003e04       0x38 C:\Users\nat\Documents\Arduino\fightstick\build\libraries\SPI\SPI.cpp.o
 .text._ZL22cpu_irq_enter_criticalv
                0x00003e3c       0x2c C:\Users\nat\Documents\Arduino\fightstick\build\libraries\Adafruit_ZeroDMA\Adafruit_ZeroDMA.cpp.o
 .text._ZL22cpu_irq_leave_criticalv
                0x00003e68       0x2c C:\Users\nat\Documents\Arduino\fightstick\build\libraries\Adafruit_ZeroDMA\Adafruit_ZeroDMA.cpp.o
 .text._ZN16Adafruit_ZeroDMAC2Ev
                0x00003e94       0x20 C:\Users\nat\Documents\Arduino\fightstick\build\libraries\Adafruit_ZeroDMA\Adafruit_ZeroDMA.cpp.o
                0x00003e94                Adafruit_ZeroDMA::Adafruit_ZeroDMA()
                0x00003e94                Adafruit_ZeroDMA::Adafruit_ZeroDMA()
 .text._ZN16Adafruit_ZeroDMA11_IRQhandlerEh
                0x00003eb4       0x44 C:\Users\nat\Documents\Arduino\fightstick\build\libraries\Adafruit_ZeroDMA\Adafruit_ZeroDMA.cpp.o
                0x00003eb4                Adafruit_ZeroDMA::_IRQhandler(unsigned char)
 .text.DMAC_Handler
                0x00003ef8       0x48 C:\Users\nat\Documents\Arduino\fightstick\build\libraries\Adafruit_ZeroDMA\Adafruit_ZeroDMA.cpp.o
                0x00003ef8                DMAC_Handler
 .text._ZN16Adafruit_ZeroDMA8allocateEv
                0x00003f40      0x134 C:\Users\nat\Documents\Arduino\fightstick\build\libraries\Adafruit_ZeroDMA\Adafruit_ZeroDMA.cpp.o
                0x00003f40                Adafruit_ZeroDMA::allocate()
 .text._ZN16Adafruit_ZeroDMA4freeEv
                0x00004074       0x84 C:\Users\nat\Documents\Arduino\fightstick\build\libraries\Adafruit_ZeroDMA\Adafruit_ZeroDMA.cpp.o
                0x00004074                Adafruit_ZeroDMA::free()
 .text._ZN16Adafruit_ZeroDMA11setCallbackEPFvPS_E17dma_callback_type
                0x000040f8        0x8 C:\Users\nat\Documents\Arduino\fightstick\build\libraries\Adafruit_ZeroDMA\Adafruit_ZeroDMA.cpp.o
                0x000040f8                Adafruit_ZeroDMA::setCallback(void (*)(Adafruit_ZeroDMA*), dma_callback_type)
 .text._ZN16Adafruit_ZeroDMA10setTriggerEh
                0x00004100       0x48 C:\Users\nat\Documents\Arduino\fightstick\build\libraries\Adafruit_ZeroDMA\Adafruit_ZeroDMA.cpp.o
                0x00004100                Adafruit_ZeroDMA::setTrigger(unsigned char)
 .text._ZN16Adafruit_ZeroDMA9setActionE27dma_transfer_trigger_action
                0x00004148       0x48 C:\Users\nat\Documents\Arduino\fightstick\build\libraries\Adafruit_ZeroDMA\Adafruit_ZeroDMA.cpp.o
                0x00004148                Adafruit_ZeroDMA::setAction(dma_transfer_trigger_action)
 .text._ZN16Adafruit_ZeroDMA10getChannelEv
                0x00004190        0x4 C:\Users\nat\Documents\Arduino\fightstick\build\libraries\Adafruit_ZeroDMA\Adafruit_ZeroDMA.cpp.o
                0x00004190                Adafruit_ZeroDMA::getChannel()
 .text._ZN16Adafruit_ZeroDMA13addDescriptorEPvS0_m13dma_beat_sizebbmb
                0x00004194      0x14c C:\Users\nat\Documents\Arduino\fightstick\build\libraries\Adafruit_ZeroDMA\Adafruit_ZeroDMA.cpp.o
                0x00004194                Adafruit_ZeroDMA::addDescriptor(void*, void*, unsigned long, dma_beat_size, bool, bool, unsigned long, bool)
 .text.startup._GLOBAL__sub_I__ZN5SDLib20getNextPathComponentEPKcPjPc
                0x000042e0       0x2c C:\Users\nat\Documents\Arduino\fightstick\build\libraries\SD\SD.cpp.o
 .text._ZL7spiSendh
                0x0000430c       0x10 C:\Users\nat\Documents\Arduino\fightstick\build\libraries\SD\utility\Sd2Card.cpp.o
 .text._ZL6spiRecv
                0x0000431c       0x10 C:\Users\nat\Documents\Arduino\fightstick\build\libraries\SD\utility\Sd2Card.cpp.o
 .text._ZN7Sd2Card14chipSelectHighEv
                0x0000432c       0x28 C:\Users\nat\Documents\Arduino\fightstick\build\libraries\SD\utility\Sd2Card.cpp.o
                0x0000432c                Sd2Card::chipSelectHigh()
 .text._ZN7Sd2Card13chipSelectLowEv
                0x00004354       0x30 C:\Users\nat\Documents\Arduino\fightstick\build\libraries\SD\utility\Sd2Card.cpp.o
                0x00004354                Sd2Card::chipSelectLow()
 .text._ZN7Sd2Card7readEndEv
                0x00004384       0x2c C:\Users\nat\Documents\Arduino\fightstick\build\libraries\SD\utility\Sd2Card.cpp.o
                0x00004384                Sd2Card::readEnd()
 .text._ZN7Sd2Card10setSckRateEh
                0x000043b0       0x70 C:\Users\nat\Documents\Arduino\fightstick\build\libraries\SD\utility\Sd2Card.cpp.o
                0x000043b0                Sd2Card::setSckRate(unsigned char)
 .text._ZN7Sd2Card11waitNotBusyEj
                0x00004420       0x24 C:\Users\nat\Documents\Arduino\fightstick\build\libraries\SD\utility\Sd2Card.cpp.o
                0x00004420                Sd2Card::waitNotBusy(unsigned int)
 .text._ZN7Sd2Card11cardCommandEhm
                0x00004444       0x64 C:\Users\nat\Documents\Arduino\fightstick\build\libraries\SD\utility\Sd2Card.cpp.o
                0x00004444                Sd2Card::cardCommand(unsigned char, unsigned long)
 .text._ZN7Sd2Card4initEhh
                0x000044a8      0x140 C:\Users\nat\Documents\Arduino\fightstick\build\libraries\SD\utility\Sd2Card.cpp.o
                0x000044a8                Sd2Card::init(unsigned char, unsigned char)
 .text._ZN7Sd2Card14waitStartBlockEv
                0x000045e8       0x3c C:\Users\nat\Documents\Arduino\fightstick\build\libraries\SD\utility\Sd2Card.cpp.o
                0x000045e8                Sd2Card::waitStartBlock()
 .text._ZN7Sd2Card8readDataEmttPh.part.0
                0x00004624       0xa0 C:\Users\nat\Documents\Arduino\fightstick\build\libraries\SD\utility\Sd2Card.cpp.o
 .text._ZN7Sd2Card9readBlockEmPh
                0x000046c4       0x10 C:\Users\nat\Documents\Arduino\fightstick\build\libraries\SD\utility\Sd2Card.cpp.o
                0x000046c4                Sd2Card::readBlock(unsigned long, unsigned char*)
 .text._ZN7Sd2Card9writeDataEhPKh
                0x000046d4       0x48 C:\Users\nat\Documents\Arduino\fightstick\build\libraries\SD\utility\Sd2Card.cpp.o
                0x000046d4                Sd2Card::writeData(unsigned char, unsigned char const*)
 .text._ZN7Sd2Card10writeBlockEmPKhh
                0x0000471c       0x78 C:\Users\nat\Documents\Arduino\fightstick\build\libraries\SD\utility\Sd2Card.cpp.o
                0x0000471c                Sd2Card::writeBlock(unsigned long, unsigned char const*, unsigned char)
 .text._ZN7Sd2Card6isBusyEv
                0x00004794       0x1e C:\Users\nat\Documents\Arduino\fightstick\build\libraries\SD\utility\Sd2Card.cpp.o
                0x00004794                Sd2Card::isBusy()
 *fill*         0x000047b2        0x2 
 .text.startup._GLOBAL__sub_I__ZN7Sd2Card11cardCommandEhm
                0x000047b4       0x14 C:\Users\nat\Documents\Arduino\fightstick\build\libraries\SD\utility\Sd2Card.cpp.o
 .text._ZN6SdFile10addClusterEv
                0x000047c8       0x34 C:\Users\nat\Documents\Arduino\fightstick\build\libraries\SD\utility\SdFile.cpp.o
                0x000047c8                SdFile::addCluster()
 .text._ZN6SdFile13cacheDirEntryEh
                0x000047fc       0x1c C:\Users\nat\Documents\Arduino\fightstick\build\libraries\SD\utility\SdFile.cpp.o
                0x000047fc                SdFile::cacheDirEntry(unsigned char)
 .text._ZN6SdFile7seekSetEm
                0x00004818       0x60 C:\Users\nat\Documents\Arduino\fightstick\build\libraries\SD\utility\SdFile.cpp.o
                0x00004818                SdFile::seekSet(unsigned long)
 .text._ZN6SdFile4syncEh
                0x00004878       0x88 C:\Users\nat\Documents\Arduino\fightstick\build\libraries\SD\utility\SdFile.cpp.o
                0x00004878                SdFile::sync(unsigned char)
 .text._ZN6SdFile17availableForWriteEv
                0x00004900       0x80 C:\Users\nat\Documents\Arduino\fightstick\build\libraries\SD\utility\SdFile.cpp.o
                0x00004900                SdFile::availableForWrite()
 .text._ZN6SdFile5writeEPKvt
                0x00004980      0x1b4 C:\Users\nat\Documents\Arduino\fightstick\build\libraries\SD\utility\SdFile.cpp.o
                0x00004980                SdFile::write(void const*, unsigned short)
 .text._ZN6SdFile5writeEh
                0x00004b34       0x12 C:\Users\nat\Documents\Arduino\fightstick\build\libraries\SD\utility\SdFile.cpp.o
                0x00004b34                SdFile::write(unsigned char)
 *fill*         0x00004b46        0x2 
 .text._ZN8SdVolume21cacheMirrorBlockFlushEh
                0x00004b48       0x30 C:\Users\nat\Documents\Arduino\fightstick\build\libraries\SD\utility\SdVolume.cpp.o
                0x00004b48                SdVolume::cacheMirrorBlockFlush(unsigned char)
 .text._ZN8SdVolume10cacheFlushEh
                0x00004b78       0x4c C:\Users\nat\Documents\Arduino\fightstick\build\libraries\SD\utility\SdVolume.cpp.o
                0x00004b78                SdVolume::cacheFlush(unsigned char)
 .text._ZN8SdVolume13cacheRawBlockEmh
                0x00004bc4       0x4c C:\Users\nat\Documents\Arduino\fightstick\build\libraries\SD\utility\SdVolume.cpp.o
                0x00004bc4                SdVolume::cacheRawBlock(unsigned long, unsigned char)
 .text._ZNK8SdVolume6fatGetEmPm
                0x00004c10       0x64 C:\Users\nat\Documents\Arduino\fightstick\build\libraries\SD\utility\SdVolume.cpp.o
                0x00004c10                SdVolume::fatGet(unsigned long, unsigned long*) const
 .text._ZN8SdVolume6fatPutEmm
                0x00004c74       0x84 C:\Users\nat\Documents\Arduino\fightstick\build\libraries\SD\utility\SdVolume.cpp.o
                0x00004c74                SdVolume::fatPut(unsigned long, unsigned long)
 .text._ZN8SdVolume15allocContiguousEmPm
                0x00004cf8       0xc4 C:\Users\nat\Documents\Arduino\fightstick\build\libraries\SD\utility\SdVolume.cpp.o
                0x00004cf8                SdVolume::allocContiguous(unsigned long, unsigned long*)
 .text.SERCOM0_Handler
                0x00004dbc       0x10 C:\Users\nat\Documents\Arduino\fightstick\build\core\variant.cpp.o
                0x00004dbc                SERCOM0_Handler
 .text.SERCOM5_Handler
                0x00004dcc       0x10 C:\Users\nat\Documents\Arduino\fightstick\build\core\variant.cpp.o
                0x00004dcc                SERCOM5_Handler
 .text.startup._GLOBAL__sub_I_g_APinDescription
                0x00004ddc       0x94 C:\Users\nat\Documents\Arduino\fightstick\build\core\variant.cpp.o
 .text._ZN5Print5writeEPKhj
                0x00004e70       0x24 C:\Users\nat\Documents\Arduino\fightstick\build/..\..\..\..\AppData\Local\Temp\arduino\cores\354d923f097ab52450be00e3593e9078\core.a(Print.cpp.o)
                0x00004e70                Print::write(unsigned char const*, unsigned int)
 .text._ZN5Print5writeEPKc
                0x00004e94       0x1c C:\Users\nat\Documents\Arduino\fightstick\build/..\..\..\..\AppData\Local\Temp\arduino\cores\354d923f097ab52450be00e3593e9078\core.a(Print.cpp.o)
                0x00004e94                Print::write(char const*)
 .text._ZN5Print7printlnEv
                0x00004eb0       0x10 C:\Users\nat\Documents\Arduino\fightstick\build/..\..\..\..\AppData\Local\Temp\arduino\cores\354d923f097ab52450be00e3593e9078\core.a(Print.cpp.o)
                0x00004eb0                Print::println()
 .text._ZN5Print7printlnEPK19__FlashStringHelper
                0x00004ec0       0x14 C:\Users\nat\Documents\Arduino\fightstick\build/..\..\..\..\AppData\Local\Temp\arduino\cores\354d923f097ab52450be00e3593e9078\core.a(Print.cpp.o)
                0x00004ec0                Print::println(__FlashStringHelper const*)
 .text._ZN5Print7printlnEPKc
                0x00004ed4       0x14 C:\Users\nat\Documents\Arduino\fightstick\build/..\..\..\..\AppData\Local\Temp\arduino\cores\354d923f097ab52450be00e3593e9078\core.a(Print.cpp.o)
                0x00004ed4                Print::println(char const*)
 .text._ZN6SERCOMC2EP6Sercom
                0x00004ee8        0x4 C:\Users\nat\Documents\Arduino\fightstick\build/..\..\..\..\AppData\Local\Temp\arduino\cores\354d923f097ab52450be00e3593e9078\core.a(SERCOM.cpp.o)
                0x00004ee8                SERCOM::SERCOM(Sercom*)
                0x00004ee8                SERCOM::SERCOM(Sercom*)
 .text._ZN6SERCOM9initFrameE18SercomUartCharSize15SercomDataOrder16SercomParityMode19SercomNumberStopBit
                0x00004eec       0x3a C:\Users\nat\Documents\Arduino\fightstick\build/..\..\..\..\AppData\Local\Temp\arduino\cores\354d923f097ab52450be00e3593e9078\core.a(SERCOM.cpp.o)
                0x00004eec                SERCOM::initFrame(SercomUartCharSize, SercomDataOrder, SercomParityMode, SercomNumberStopBit)
 .text._ZN6SERCOM8initPadsE15SercomUartTXPad11SercomRXPad
                0x00004f26       0x26 C:\Users\nat\Documents\Arduino\fightstick\build/..\..\..\..\AppData\Local\Temp\arduino\cores\354d923f097ab52450be00e3593e9078\core.a(SERCOM.cpp.o)
                0x00004f26                SERCOM::initPads(SercomUartTXPad, SercomRXPad)
 .text._ZN6SERCOM9resetUARTEv
                0x00004f4c       0x1a C:\Users\nat\Documents\Arduino\fightstick\build/..\..\..\..\AppData\Local\Temp\arduino\cores\354d923f097ab52450be00e3593e9078\core.a(SERCOM.cpp.o)
                0x00004f4c                SERCOM::resetUART()
 .text._ZN6SERCOM10enableUARTEv
                0x00004f66       0x14 C:\Users\nat\Documents\Arduino\fightstick\build/..\..\..\..\AppData\Local\Temp\arduino\cores\354d923f097ab52450be00e3593e9078\core.a(SERCOM.cpp.o)
                0x00004f66                SERCOM::enableUART()
 .text._ZN6SERCOM9flushUARTEv
                0x00004f7a       0x10 C:\Users\nat\Documents\Arduino\fightstick\build/..\..\..\..\AppData\Local\Temp\arduino\cores\354d923f097ab52450be00e3593e9078\core.a(SERCOM.cpp.o)
                0x00004f7a                SERCOM::flushUART()
 .text._ZN6SERCOM15clearStatusUARTEv
                0x00004f8a        0x8 C:\Users\nat\Documents\Arduino\fightstick\build/..\..\..\..\AppData\Local\Temp\arduino\cores\354d923f097ab52450be00e3593e9078\core.a(SERCOM.cpp.o)
                0x00004f8a                SERCOM::clearStatusUART()
 .text._ZN6SERCOM17availableDataUARTEv
                0x00004f92        0xa C:\Users\nat\Documents\Arduino\fightstick\build/..\..\..\..\AppData\Local\Temp\arduino\cores\354d923f097ab52450be00e3593e9078\core.a(SERCOM.cpp.o)
                0x00004f92                SERCOM::availableDataUART()
 .text._ZN6SERCOM11isUARTErrorEv
                0x00004f9c        0x8 C:\Users\nat\Documents\Arduino\fightstick\build/..\..\..\..\AppData\Local\Temp\arduino\cores\354d923f097ab52450be00e3593e9078\core.a(SERCOM.cpp.o)
                0x00004f9c                SERCOM::isUARTError()
 .text._ZN6SERCOM20acknowledgeUARTErrorEv
                0x00004fa4        0xe C:\Users\nat\Documents\Arduino\fightstick\build/..\..\..\..\AppData\Local\Temp\arduino\cores\354d923f097ab52450be00e3593e9078\core.a(SERCOM.cpp.o)
                0x00004fa4                SERCOM::acknowledgeUARTError()
 .text._ZN6SERCOM16isFrameErrorUARTEv
                0x00004fb2        0xa C:\Users\nat\Documents\Arduino\fightstick\build/..\..\..\..\AppData\Local\Temp\arduino\cores\354d923f097ab52450be00e3593e9078\core.a(SERCOM.cpp.o)
                0x00004fb2                SERCOM::isFrameErrorUART()
 .text._ZN6SERCOM19clearFrameErrorUARTEv
                0x00004fbc        0xc C:\Users\nat\Documents\Arduino\fightstick\build/..\..\..\..\AppData\Local\Temp\arduino\cores\354d923f097ab52450be00e3593e9078\core.a(SERCOM.cpp.o)
                0x00004fbc                SERCOM::clearFrameErrorUART()
 .text._ZN6SERCOM23isDataRegisterEmptyUARTEv
                0x00004fc8        0xa C:\Users\nat\Documents\Arduino\fightstick\build/..\..\..\..\AppData\Local\Temp\arduino\cores\354d923f097ab52450be00e3593e9078\core.a(SERCOM.cpp.o)
                0x00004fc8                SERCOM::isDataRegisterEmptyUART()
 .text._ZN6SERCOM12readDataUARTEv
                0x00004fd2        0x8 C:\Users\nat\Documents\Arduino\fightstick\build/..\..\..\..\AppData\Local\Temp\arduino\cores\354d923f097ab52450be00e3593e9078\core.a(SERCOM.cpp.o)
                0x00004fd2                SERCOM::readDataUART()
 .text._ZN6SERCOM13writeDataUARTEh
                0x00004fda       0x10 C:\Users\nat\Documents\Arduino\fightstick\build/..\..\..\..\AppData\Local\Temp\arduino\cores\354d923f097ab52450be00e3593e9078\core.a(SERCOM.cpp.o)
                0x00004fda                SERCOM::writeDataUART(unsigned char)
 .text._ZN6SERCOM36enableDataRegisterEmptyInterruptUARTEv
                0x00004fea        0x8 C:\Users\nat\Documents\Arduino\fightstick\build/..\..\..\..\AppData\Local\Temp\arduino\cores\354d923f097ab52450be00e3593e9078\core.a(SERCOM.cpp.o)
                0x00004fea                SERCOM::enableDataRegisterEmptyInterruptUART()
 .text._ZN6SERCOM37disableDataRegisterEmptyInterruptUARTEv
                0x00004ff2        0x8 C:\Users\nat\Documents\Arduino\fightstick\build/..\..\..\..\AppData\Local\Temp\arduino\cores\354d923f097ab52450be00e3593e9078\core.a(SERCOM.cpp.o)
                0x00004ff2                SERCOM::disableDataRegisterEmptyInterruptUART()
 .text._ZN6SERCOM8resetSPIEv
                0x00004ffa       0x1a C:\Users\nat\Documents\Arduino\fightstick\build/..\..\..\..\AppData\Local\Temp\arduino\cores\354d923f097ab52450be00e3593e9078\core.a(SERCOM.cpp.o)
                0x00004ffa                SERCOM::resetSPI()
 .text._ZN6SERCOM9enableSPIEv
                0x00005014       0x14 C:\Users\nat\Documents\Arduino\fightstick\build/..\..\..\..\AppData\Local\Temp\arduino\cores\354d923f097ab52450be00e3593e9078\core.a(SERCOM.cpp.o)
                0x00005014                SERCOM::enableSPI()
 .text._ZN6SERCOM10disableSPIEv
                0x00005028       0x12 C:\Users\nat\Documents\Arduino\fightstick\build/..\..\..\..\AppData\Local\Temp\arduino\cores\354d923f097ab52450be00e3593e9078\core.a(SERCOM.cpp.o)
                0x00005028                SERCOM::disableSPI()
 .text._ZN6SERCOM15transferDataSPIEh
                0x0000503a       0x1a C:\Users\nat\Documents\Arduino\fightstick\build/..\..\..\..\AppData\Local\Temp\arduino\cores\354d923f097ab52450be00e3593e9078\core.a(SERCOM.cpp.o)
                0x0000503a                SERCOM::transferDataSPI(unsigned char)
 .text._ZN6SERCOM28calculateBaudrateSynchronousEm
                0x00005054       0x1c C:\Users\nat\Documents\Arduino\fightstick\build/..\..\..\..\AppData\Local\Temp\arduino\cores\354d923f097ab52450be00e3593e9078\core.a(SERCOM.cpp.o)
                0x00005054                SERCOM::calculateBaudrateSynchronous(unsigned long)
 .text._ZN6SERCOM12initSPIClockE18SercomSpiClockModem
                0x00005070       0x26 C:\Users\nat\Documents\Arduino\fightstick\build/..\..\..\..\AppData\Local\Temp\arduino\cores\354d923f097ab52450be00e3593e9078\core.a(SERCOM.cpp.o)
                0x00005070                SERCOM::initSPIClock(SercomSpiClockMode, unsigned long)
 .text._ZN6SERCOM9resetWIREEv
                0x00005096       0x1a C:\Users\nat\Documents\Arduino\fightstick\build/..\..\..\..\AppData\Local\Temp\arduino\cores\354d923f097ab52450be00e3593e9078\core.a(SERCOM.cpp.o)
                0x00005096                SERCOM::resetWIRE()
 .text._ZN6SERCOM10enableWIREEv
                0x000050b0       0x2a C:\Users\nat\Documents\Arduino\fightstick\build/..\..\..\..\AppData\Local\Temp\arduino\cores\354d923f097ab52450be00e3593e9078\core.a(SERCOM.cpp.o)
                0x000050b0                SERCOM::enableWIRE()
 .text._ZN6SERCOM11disableWIREEv
                0x000050da       0x14 C:\Users\nat\Documents\Arduino\fightstick\build/..\..\..\..\AppData\Local\Temp\arduino\cores\354d923f097ab52450be00e3593e9078\core.a(SERCOM.cpp.o)
                0x000050da                SERCOM::disableWIRE()
 .text._ZN6SERCOM18prepareNackBitWIREEv
                0x000050ee       0x10 C:\Users\nat\Documents\Arduino\fightstick\build/..\..\..\..\AppData\Local\Temp\arduino\cores\354d923f097ab52450be00e3593e9078\core.a(SERCOM.cpp.o)
                0x000050ee                SERCOM::prepareNackBitWIRE()
 *fill*         0x000050fe        0x2 
 .text._ZN6SERCOM17prepareAckBitWIREEv
                0x00005100       0x14 C:\Users\nat\Documents\Arduino\fightstick\build/..\..\..\..\AppData\Local\Temp\arduino\cores\354d923f097ab52450be00e3593e9078\core.a(SERCOM.cpp.o)
                0x00005100                SERCOM::prepareAckBitWIRE()
 .text._ZN6SERCOM22prepareCommandBitsWireEh
                0x00005114       0x2c C:\Users\nat\Documents\Arduino\fightstick\build/..\..\..\..\AppData\Local\Temp\arduino\cores\354d923f097ab52450be00e3593e9078\core.a(SERCOM.cpp.o)
                0x00005114                SERCOM::prepareCommandBitsWire(unsigned char)
 .text._ZN6SERCOM21startTransmissionWIREEh23SercomWireReadWriteFlag
                0x00005140       0x7c C:\Users\nat\Documents\Arduino\fightstick\build/..\..\..\..\AppData\Local\Temp\arduino\cores\354d923f097ab52450be00e3593e9078\core.a(SERCOM.cpp.o)
                0x00005140                SERCOM::startTransmissionWIRE(unsigned char, SercomWireReadWriteFlag)
 .text._ZN6SERCOM18sendDataMasterWIREEh
                0x000051bc       0x26 C:\Users\nat\Documents\Arduino\fightstick\build/..\..\..\..\AppData\Local\Temp\arduino\cores\354d923f097ab52450be00e3593e9078\core.a(SERCOM.cpp.o)
                0x000051bc                SERCOM::sendDataMasterWIRE(unsigned char)
 .text._ZN6SERCOM17sendDataSlaveWIREEh
                0x000051e2       0x1e C:\Users\nat\Documents\Arduino\fightstick\build/..\..\..\..\AppData\Local\Temp\arduino\cores\354d923f097ab52450be00e3593e9078\core.a(SERCOM.cpp.o)
                0x000051e2                SERCOM::sendDataSlaveWIRE(unsigned char)
 .text._ZN6SERCOM11isSlaveWIREEv
                0x00005200       0x12 C:\Users\nat\Documents\Arduino\fightstick\build/..\..\..\..\AppData\Local\Temp\arduino\cores\354d923f097ab52450be00e3593e9078\core.a(SERCOM.cpp.o)
                0x00005200                SERCOM::isSlaveWIRE()
 .text._ZN6SERCOM15isDataReadyWIREEv
                0x00005212        0xa C:\Users\nat\Documents\Arduino\fightstick\build/..\..\..\..\AppData\Local\Temp\arduino\cores\354d923f097ab52450be00e3593e9078\core.a(SERCOM.cpp.o)
                0x00005212                SERCOM::isDataReadyWIRE()
 .text._ZN6SERCOM18isStopDetectedWIREEv
                0x0000521c        0xa C:\Users\nat\Documents\Arduino\fightstick\build/..\..\..\..\AppData\Local\Temp\arduino\cores\354d923f097ab52450be00e3593e9078\core.a(SERCOM.cpp.o)
                0x0000521c                SERCOM::isStopDetectedWIRE()
 .text._ZN6SERCOM21isRestartDetectedWIREEv
                0x00005226        0xa C:\Users\nat\Documents\Arduino\fightstick\build/..\..\..\..\AppData\Local\Temp\arduino\cores\354d923f097ab52450be00e3593e9078\core.a(SERCOM.cpp.o)
                0x00005226                SERCOM::isRestartDetectedWIRE()
 .text._ZN6SERCOM14isAddressMatchEv
                0x00005230        0xa C:\Users\nat\Documents\Arduino\fightstick\build/..\..\..\..\AppData\Local\Temp\arduino\cores\354d923f097ab52450be00e3593e9078\core.a(SERCOM.cpp.o)
                0x00005230                SERCOM::isAddressMatch()
 .text._ZN6SERCOM25isMasterReadOperationWIREEv
                0x0000523a        0xa C:\Users\nat\Documents\Arduino\fightstick\build/..\..\..\..\AppData\Local\Temp\arduino\cores\354d923f097ab52450be00e3593e9078\core.a(SERCOM.cpp.o)
                0x0000523a                SERCOM::isMasterReadOperationWIRE()
 .text._ZN6SERCOM12readDataWIREEv
                0x00005244       0x1a C:\Users\nat\Documents\Arduino\fightstick\build/..\..\..\..\AppData\Local\Temp\arduino\cores\354d923f097ab52450be00e3593e9078\core.a(SERCOM.cpp.o)
                0x00005244                SERCOM::readDataWIRE()
 *fill*         0x0000525e        0x2 
 .text._ZN6SERCOM14getSercomIndexEv
                0x00005260       0x5c C:\Users\nat\Documents\Arduino\fightstick\build/..\..\..\..\AppData\Local\Temp\arduino\cores\354d923f097ab52450be00e3593e9078\core.a(SERCOM.cpp.o)
                0x00005260                SERCOM::getSercomIndex()
 .text._ZN6SERCOM13initClockNVICEv
                0x000052bc       0x90 C:\Users\nat\Documents\Arduino\fightstick\build/..\..\..\..\AppData\Local\Temp\arduino\cores\354d923f097ab52450be00e3593e9078\core.a(SERCOM.cpp.o)
                0x000052bc                SERCOM::initClockNVIC()
 .text._ZN6SERCOM8initUARTE14SercomUartMode20SercomUartSampleRatem
                0x0000534c       0x6c C:\Users\nat\Documents\Arduino\fightstick\build/..\..\..\..\AppData\Local\Temp\arduino\cores\354d923f097ab52450be00e3593e9078\core.a(SERCOM.cpp.o)
                0x0000534c                SERCOM::initUART(SercomUartMode, SercomUartSampleRate, unsigned long)
 .text._ZN6SERCOM7initSPIE14SercomSpiTXPad11SercomRXPad17SercomSpiCharSize15SercomDataOrder
                0x000053b8       0x52 C:\Users\nat\Documents\Arduino\fightstick\build/..\..\..\..\AppData\Local\Temp\arduino\cores\354d923f097ab52450be00e3593e9078\core.a(SERCOM.cpp.o)
                0x000053b8                SERCOM::initSPI(SercomSpiTXPad, SercomRXPad, SercomSpiCharSize, SercomDataOrder)
 *fill*         0x0000540a        0x2 
 .text._ZN6SERCOM14initMasterWIREEm
                0x0000540c       0x54 C:\Users\nat\Documents\Arduino\fightstick\build/..\..\..\..\AppData\Local\Temp\arduino\cores\354d923f097ab52450be00e3593e9078\core.a(SERCOM.cpp.o)
                0x0000540c                SERCOM::initMasterWIRE(unsigned long)
 .text._ZN7Serial_17availableForWriteEv
                0x00005460        0x4 C:\Users\nat\Documents\Arduino\fightstick\build/..\..\..\..\AppData\Local\Temp\arduino\cores\354d923f097ab52450be00e3593e9078\core.a(CDC.cpp.o)
                0x00005460                Serial_::availableForWrite()
 .text._ZN7Serial_5writeEh
                0x00005464       0x14 C:\Users\nat\Documents\Arduino\fightstick\build/..\..\..\..\AppData\Local\Temp\arduino\cores\354d923f097ab52450be00e3593e9078\core.a(CDC.cpp.o)
                0x00005464                Serial_::write(unsigned char)
 .text._ZN7Serial_9availableEv
                0x00005478        0xc C:\Users\nat\Documents\Arduino\fightstick\build/..\..\..\..\AppData\Local\Temp\arduino\cores\354d923f097ab52450be00e3593e9078\core.a(CDC.cpp.o)
                0x00005478                Serial_::available()
 .text._ZN7Serial_5flushEv
                0x00005484        0xc C:\Users\nat\Documents\Arduino\fightstick\build/..\..\..\..\AppData\Local\Temp\arduino\cores\354d923f097ab52450be00e3593e9078\core.a(CDC.cpp.o)
                0x00005484                Serial_::flush()
 .text._ZN7Serial_5writeEPKhj
                0x00005490       0x2c C:\Users\nat\Documents\Arduino\fightstick\build/..\..\..\..\AppData\Local\Temp\arduino\cores\354d923f097ab52450be00e3593e9078\core.a(CDC.cpp.o)
                0x00005490                Serial_::write(unsigned char const*, unsigned int)
 .text._ZN7Serial_4peekEv
                0x000054bc       0x1c C:\Users\nat\Documents\Arduino\fightstick\build/..\..\..\..\AppData\Local\Temp\arduino\cores\354d923f097ab52450be00e3593e9078\core.a(CDC.cpp.o)
                0x000054bc                Serial_::peek()
 .text._ZN7Serial_4readEv
                0x000054d8       0x24 C:\Users\nat\Documents\Arduino\fightstick\build/..\..\..\..\AppData\Local\Temp\arduino\cores\354d923f097ab52450be00e3593e9078\core.a(CDC.cpp.o)
                0x000054d8                Serial_::read()
 .text._Z16CDC_GetInterfacePh
                0x000054fc       0x1c C:\Users\nat\Documents\Arduino\fightstick\build/..\..\..\..\AppData\Local\Temp\arduino\cores\354d923f097ab52450be00e3593e9078\core.a(CDC.cpp.o)
                0x000054fc                CDC_GetInterface(unsigned char*)
 .text._Z9CDC_SetupR8USBSetup
                0x00005518       0x7c C:\Users\nat\Documents\Arduino\fightstick\build/..\..\..\..\AppData\Local\Temp\arduino\cores\354d923f097ab52450be00e3593e9078\core.a(CDC.cpp.o)
                0x00005518                CDC_Setup(USBSetup&)
 .text._ZN7Serial_5beginEm
                0x00005594        0x2 C:\Users\nat\Documents\Arduino\fightstick\build/..\..\..\..\AppData\Local\Temp\arduino\cores\354d923f097ab52450be00e3593e9078\core.a(CDC.cpp.o)
                0x00005594                Serial_::begin(unsigned long)
 *fill*         0x00005596        0x2 
 .text.startup._GLOBAL__sub_I__Z17_CDC_GetInterfacev
                0x00005598       0x28 C:\Users\nat\Documents\Arduino\fightstick\build/..\..\..\..\AppData\Local\Temp\arduino\cores\354d923f097ab52450be00e3593e9078\core.a(CDC.cpp.o)
 .text._ZN26DoubleBufferedEPOutHandler4initEv
                0x000055c0        0x2 C:\Users\nat\Documents\Arduino\fightstick\build/..\..\..\..\AppData\Local\Temp\arduino\cores\354d923f097ab52450be00e3593e9078\core.a(USBCore.cpp.o)
                0x000055c0                DoubleBufferedEPOutHandler::init()
 .text._ZL5utox8mPc
                0x000055c2       0x26 C:\Users\nat\Documents\Arduino\fightstick\build/..\..\..\..\AppData\Local\Temp\arduino\cores\354d923f097ab52450be00e3593e9078\core.a(USBCore.cpp.o)
 .text._ZN26DoubleBufferedEPOutHandlerD2Ev
                0x000055e8       0x14 C:\Users\nat\Documents\Arduino\fightstick\build/..\..\..\..\AppData\Local\Temp\arduino\cores\354d923f097ab52450be00e3593e9078\core.a(USBCore.cpp.o)
                0x000055e8                DoubleBufferedEPOutHandler::~DoubleBufferedEPOutHandler()
                0x000055e8                DoubleBufferedEPOutHandler::~DoubleBufferedEPOutHandler()
 .text._ZN26DoubleBufferedEPOutHandlerD0Ev
                0x000055fc       0x12 C:\Users\nat\Documents\Arduino\fightstick\build/..\..\..\..\AppData\Local\Temp\arduino\cores\354d923f097ab52450be00e3593e9078\core.a(USBCore.cpp.o)
                0x000055fc                DoubleBufferedEPOutHandler::~DoubleBufferedEPOutHandler()
 *fill*         0x0000560e        0x2 
 .text._ZN14USBDeviceClass6initEPEmm.part.0
                0x00005610       0xe8 C:\Users\nat\Documents\Arduino\fightstick\build/..\..\..\..\AppData\Local\Temp\arduino\cores\354d923f097ab52450be00e3593e9078\core.a(USBCore.cpp.o)
 .text._ZN7__GuardC2Ev
                0x000056f8        0xe C:\Users\nat\Documents\Arduino\fightstick\build/..\..\..\..\AppData\Local\Temp\arduino\cores\354d923f097ab52450be00e3593e9078\core.a(USBCore.cpp.o)
                0x000056f8                __Guard::__Guard()
                0x000056f8                __Guard::__Guard()
 .text._ZN7__GuardD2Ev
                0x00005706        0xe C:\Users\nat\Documents\Arduino\fightstick\build/..\..\..\..\AppData\Local\Temp\arduino\cores\354d923f097ab52450be00e3593e9078\core.a(USBCore.cpp.o)
                0x00005706                __Guard::~__Guard()
                0x00005706                __Guard::~__Guard()
 .text._ZNK26DoubleBufferedEPOutHandler9availableEv
                0x00005714       0x5e C:\Users\nat\Documents\Arduino\fightstick\build/..\..\..\..\AppData\Local\Temp\arduino\cores\354d923f097ab52450be00e3593e9078\core.a(USBCore.cpp.o)
                0x00005714                DoubleBufferedEPOutHandler::available() const
 *fill*         0x00005772        0x2 
 .text._ZN26DoubleBufferedEPOutHandler7releaseEv
                0x00005774       0x54 C:\Users\nat\Documents\Arduino\fightstick\build/..\..\..\..\AppData\Local\Temp\arduino\cores\354d923f097ab52450be00e3593e9078\core.a(USBCore.cpp.o)
                0x00005774                DoubleBufferedEPOutHandler::release()
 .text._ZN26DoubleBufferedEPOutHandler4recvEPvm
                0x000057c8      0x11a C:\Users\nat\Documents\Arduino\fightstick\build/..\..\..\..\AppData\Local\Temp\arduino\cores\354d923f097ab52450be00e3593e9078\core.a(USBCore.cpp.o)
                0x000057c8                DoubleBufferedEPOutHandler::recv(void*, unsigned long)
 .text._ZN26DoubleBufferedEPOutHandler14handleEndpointEv
                0x000058e2       0xc2 C:\Users\nat\Documents\Arduino\fightstick\build/..\..\..\..\AppData\Local\Temp\arduino\cores\354d923f097ab52450be00e3593e9078\core.a(USBCore.cpp.o)
                0x000058e2                DoubleBufferedEPOutHandler::handleEndpoint()
 .text._ZN14USBDeviceClass14SendInterfacesEPm
                0x000059a4       0x2e C:\Users\nat\Documents\Arduino\fightstick\build/..\..\..\..\AppData\Local\Temp\arduino\cores\354d923f097ab52450be00e3593e9078\core.a(USBCore.cpp.o)
                0x000059a4                USBDeviceClass::SendInterfaces(unsigned long*)
 *fill*         0x000059d2        0x2 
 .text._ZN14USBDeviceClass14handleEndpointEh
                0x000059d4       0x44 C:\Users\nat\Documents\Arduino\fightstick\build/..\..\..\..\AppData\Local\Temp\arduino\cores\354d923f097ab52450be00e3593e9078\core.a(USBCore.cpp.o)
                0x000059d4                USBDeviceClass::handleEndpoint(unsigned char)
 .text._ZN14USBDeviceClass4initEv
                0x00005a18       0xf0 C:\Users\nat\Documents\Arduino\fightstick\build/..\..\..\..\AppData\Local\Temp\arduino\cores\354d923f097ab52450be00e3593e9078\core.a(USBCore.cpp.o)
                0x00005a18                USBDeviceClass::init()
 .text._ZN14USBDeviceClass6attachEv
                0x00005b08       0x34 C:\Users\nat\Documents\Arduino\fightstick\build/..\..\..\..\AppData\Local\Temp\arduino\cores\354d923f097ab52450be00e3593e9078\core.a(USBCore.cpp.o)
                0x00005b08                USBDeviceClass::attach()
 .text._ZN14USBDeviceClass10setAddressEm
                0x00005b3c       0x44 C:\Users\nat\Documents\Arduino\fightstick\build/..\..\..\..\AppData\Local\Temp\arduino\cores\354d923f097ab52450be00e3593e9078\core.a(USBCore.cpp.o)
                0x00005b3c                USBDeviceClass::setAddress(unsigned long)
 .text._ZN14USBDeviceClass25handleClassInterfaceSetupER8USBSetup
                0x00005b80       0x44 C:\Users\nat\Documents\Arduino\fightstick\build/..\..\..\..\AppData\Local\Temp\arduino\cores\354d923f097ab52450be00e3593e9078\core.a(USBCore.cpp.o)
                0x00005b80                USBDeviceClass::handleClassInterfaceSetup(USBSetup&)
 .text._ZN14USBDeviceClass6initEPEmm
                0x00005bc4       0xec C:\Users\nat\Documents\Arduino\fightstick\build/..\..\..\..\AppData\Local\Temp\arduino\cores\354d923f097ab52450be00e3593e9078\core.a(USBCore.cpp.o)
                0x00005bc4                USBDeviceClass::initEP(unsigned long, unsigned long)
 .text._ZN14USBDeviceClass13initEndpointsEv
                0x00005cb0       0x24 C:\Users\nat\Documents\Arduino\fightstick\build/..\..\..\..\AppData\Local\Temp\arduino\cores\354d923f097ab52450be00e3593e9078\core.a(USBCore.cpp.o)
                0x00005cb0                USBDeviceClass::initEndpoints()
 .text._ZN14USBDeviceClass9availableEm
                0x00005cd4       0x2c C:\Users\nat\Documents\Arduino\fightstick\build/..\..\..\..\AppData\Local\Temp\arduino\cores\354d923f097ab52450be00e3593e9078\core.a(USBCore.cpp.o)
                0x00005cd4                USBDeviceClass::available(unsigned long)
 .text._ZN14USBDeviceClass5flushEm
                0x00005d00       0x2c C:\Users\nat\Documents\Arduino\fightstick\build/..\..\..\..\AppData\Local\Temp\arduino\cores\354d923f097ab52450be00e3593e9078\core.a(USBCore.cpp.o)
                0x00005d00                USBDeviceClass::flush(unsigned long)
 .text._ZN14USBDeviceClass14armRecvCtrlOUTEm
                0x00005d2c       0x5c C:\Users\nat\Documents\Arduino\fightstick\build/..\..\..\..\AppData\Local\Temp\arduino\cores\354d923f097ab52450be00e3593e9078\core.a(USBCore.cpp.o)
                0x00005d2c                USBDeviceClass::armRecvCtrlOUT(unsigned long)
 .text._ZN14USBDeviceClass11recvControlEPvm
                0x00005d88       0x3c C:\Users\nat\Documents\Arduino\fightstick\build/..\..\..\..\AppData\Local\Temp\arduino\cores\354d923f097ab52450be00e3593e9078\core.a(USBCore.cpp.o)
                0x00005d88                USBDeviceClass::recvControl(void*, unsigned long)
 .text._ZN14USBDeviceClass7armRecvEm
                0x00005dc4       0x38 C:\Users\nat\Documents\Arduino\fightstick\build/..\..\..\..\AppData\Local\Temp\arduino\cores\354d923f097ab52450be00e3593e9078\core.a(USBCore.cpp.o)
                0x00005dc4                USBDeviceClass::armRecv(unsigned long)
 .text._ZN14USBDeviceClass4recvEmPvm
                0x00005dfc       0xd8 C:\Users\nat\Documents\Arduino\fightstick\build/..\..\..\..\AppData\Local\Temp\arduino\cores\354d923f097ab52450be00e3593e9078\core.a(USBCore.cpp.o)
                0x00005dfc                USBDeviceClass::recv(unsigned long, void*, unsigned long)
 .text._ZN14USBDeviceClass4recvEm
                0x00005ed4       0x1c C:\Users\nat\Documents\Arduino\fightstick\build/..\..\..\..\AppData\Local\Temp\arduino\cores\354d923f097ab52450be00e3593e9078\core.a(USBCore.cpp.o)
                0x00005ed4                USBDeviceClass::recv(unsigned long)
 .text._ZN14USBDeviceClass4sendEmPKvm
                0x00005ef0      0x110 C:\Users\nat\Documents\Arduino\fightstick\build/..\..\..\..\AppData\Local\Temp\arduino\cores\354d923f097ab52450be00e3593e9078\core.a(USBCore.cpp.o)
                0x00005ef0                USBDeviceClass::send(unsigned long, void const*, unsigned long)
 .text._ZN14USBDeviceClass7armSendEmPKvm
                0x00006000       0x48 C:\Users\nat\Documents\Arduino\fightstick\build/..\..\..\..\AppData\Local\Temp\arduino\cores\354d923f097ab52450be00e3593e9078\core.a(USBCore.cpp.o)
                0x00006000                USBDeviceClass::armSend(unsigned long, void const*, unsigned long)
 .text._ZN14USBDeviceClass11sendControlEPKvm
                0x00006048       0x54 C:\Users\nat\Documents\Arduino\fightstick\build/..\..\..\..\AppData\Local\Temp\arduino\cores\354d923f097ab52450be00e3593e9078\core.a(USBCore.cpp.o)
                0x00006048                USBDeviceClass::sendControl(void const*, unsigned long)
 .text._ZN14USBDeviceClass20sendStringDescriptorEPKhh
                0x0000609c       0x68 C:\Users\nat\Documents\Arduino\fightstick\build/..\..\..\..\AppData\Local\Temp\arduino\cores\354d923f097ab52450be00e3593e9078\core.a(USBCore.cpp.o)
                0x0000609c                USBDeviceClass::sendStringDescriptor(unsigned char const*, unsigned char)
 .text._ZN14USBDeviceClass17sendConfigurationEm
                0x00006104       0x80 C:\Users\nat\Documents\Arduino\fightstick\build/..\..\..\..\AppData\Local\Temp\arduino\cores\354d923f097ab52450be00e3593e9078\core.a(USBCore.cpp.o)
                0x00006104                USBDeviceClass::sendConfiguration(unsigned long)
 .text._ZN14USBDeviceClass14sendDescriptorER8USBSetup
                0x00006184       0xe4 C:\Users\nat\Documents\Arduino\fightstick\build/..\..\..\..\AppData\Local\Temp\arduino\cores\354d923f097ab52450be00e3593e9078\core.a(USBCore.cpp.o)
                0x00006184                USBDeviceClass::sendDescriptor(USBSetup&)
 .text._ZN14USBDeviceClass19handleStandardSetupER8USBSetup
                0x00006268      0x118 C:\Users\nat\Documents\Arduino\fightstick\build/..\..\..\..\AppData\Local\Temp\arduino\cores\354d923f097ab52450be00e3593e9078\core.a(USBCore.cpp.o)
                0x00006268                USBDeviceClass::handleStandardSetup(USBSetup&)
 .text._ZN14USBDeviceClass10ISRHandlerEv
                0x00006380      0x150 C:\Users\nat\Documents\Arduino\fightstick\build/..\..\..\..\AppData\Local\Temp\arduino\cores\354d923f097ab52450be00e3593e9078\core.a(USBCore.cpp.o)
                0x00006380                USBDeviceClass::ISRHandler()
 .text.UDD_Handler
                0x000064d0       0x10 C:\Users\nat\Documents\Arduino\fightstick\build/..\..\..\..\AppData\Local\Temp\arduino\cores\354d923f097ab52450be00e3593e9078\core.a(USBCore.cpp.o)
                0x000064d0                UDD_Handler
 .text.startup._GLOBAL__sub_I_usbd
                0x000064e0       0x10 C:\Users\nat\Documents\Arduino\fightstick\build/..\..\..\..\AppData\Local\Temp\arduino\cores\354d923f097ab52450be00e3593e9078\core.a(USBCore.cpp.o)
 .text._ZN4UartcvbEv
                0x000064f0        0x4 C:\Users\nat\Documents\Arduino\fightstick\build/..\..\..\..\AppData\Local\Temp\arduino\cores\354d923f097ab52450be00e3593e9078\core.a(Uart.cpp.o)
                0x000064f0                Uart::operator bool()
 .text._ZN4Uart5beginEm
                0x000064f4       0x10 C:\Users\nat\Documents\Arduino\fightstick\build/..\..\..\..\AppData\Local\Temp\arduino\cores\354d923f097ab52450be00e3593e9078\core.a(Uart.cpp.o)
                0x000064f4                Uart::begin(unsigned long)
 .text._ZN4Uart4peekEv
                0x00006504       0x1a C:\Users\nat\Documents\Arduino\fightstick\build/..\..\..\..\AppData\Local\Temp\arduino\cores\354d923f097ab52450be00e3593e9078\core.a(Uart.cpp.o)
                0x00006504                Uart::peek()
 .text._ZN4Uart3endEv
                0x0000651e       0x20 C:\Users\nat\Documents\Arduino\fightstick\build/..\..\..\..\AppData\Local\Temp\arduino\cores\354d923f097ab52450be00e3593e9078\core.a(Uart.cpp.o)
                0x0000651e                Uart::end()
 .text._ZN4Uart15extractCharSizeEt
                0x0000653e       0x28 C:\Users\nat\Documents\Arduino\fightstick\build/..\..\..\..\AppData\Local\Temp\arduino\cores\354d923f097ab52450be00e3593e9078\core.a(Uart.cpp.o)
                0x0000653e                Uart::extractCharSize(unsigned short)
 .text._ZN4Uart13extractParityEt
                0x00006566       0x14 C:\Users\nat\Documents\Arduino\fightstick\build/..\..\..\..\AppData\Local\Temp\arduino\cores\354d923f097ab52450be00e3593e9078\core.a(Uart.cpp.o)
                0x00006566                Uart::extractParity(unsigned short)
 *fill*         0x0000657a        0x2 
 .text._ZN4Uart5beginEmt
                0x0000657c       0xf8 C:\Users\nat\Documents\Arduino\fightstick\build/..\..\..\..\AppData\Local\Temp\arduino\cores\354d923f097ab52450be00e3593e9078\core.a(Uart.cpp.o)
                0x0000657c                Uart::begin(unsigned long, unsigned short)
 .text._ZN11RingBufferNILi350EEC2Ev
                0x00006674       0x1c C:\Users\nat\Documents\Arduino\fightstick\build/..\..\..\..\AppData\Local\Temp\arduino\cores\354d923f097ab52450be00e3593e9078\core.a(Uart.cpp.o)
                0x00006674                RingBufferN<350>::RingBufferN()
                0x00006674                RingBufferN<350>::RingBufferN()
 .text._ZN4UartC2EP6SERCOMhh11SercomRXPad15SercomUartTXPad
                0x00006690       0x70 C:\Users\nat\Documents\Arduino\fightstick\build/..\..\..\..\AppData\Local\Temp\arduino\cores\354d923f097ab52450be00e3593e9078\core.a(Uart.cpp.o)
                0x00006690                Uart::Uart(SERCOM*, unsigned char, unsigned char, SercomRXPad, SercomUartTXPad)
                0x00006690                Uart::Uart(SERCOM*, unsigned char, unsigned char, SercomRXPad, SercomUartTXPad)
 .text._ZN11RingBufferNILi350EE9availableEv
                0x00006700       0x12 C:\Users\nat\Documents\Arduino\fightstick\build/..\..\..\..\AppData\Local\Temp\arduino\cores\354d923f097ab52450be00e3593e9078\core.a(Uart.cpp.o)
                0x00006700                RingBufferN<350>::available()
 .text._ZN4Uart5flushEv
                0x00006712       0x1a C:\Users\nat\Documents\Arduino\fightstick\build/..\..\..\..\AppData\Local\Temp\arduino\cores\354d923f097ab52450be00e3593e9078\core.a(Uart.cpp.o)
                0x00006712                Uart::flush()
 .text._ZN4Uart9availableEv
                0x0000672c        0xa C:\Users\nat\Documents\Arduino\fightstick\build/..\..\..\..\AppData\Local\Temp\arduino\cores\354d923f097ab52450be00e3593e9078\core.a(Uart.cpp.o)
                0x0000672c                Uart::available()
 .text._ZN11RingBufferNILi350EE17availableForStoreEv
                0x00006736       0x22 C:\Users\nat\Documents\Arduino\fightstick\build/..\..\..\..\AppData\Local\Temp\arduino\cores\354d923f097ab52450be00e3593e9078\core.a(Uart.cpp.o)
                0x00006736                RingBufferN<350>::availableForStore()
 .text._ZN4Uart17availableForWriteEv
                0x00006758        0xc C:\Users\nat\Documents\Arduino\fightstick\build/..\..\..\..\AppData\Local\Temp\arduino\cores\354d923f097ab52450be00e3593e9078\core.a(Uart.cpp.o)
                0x00006758                Uart::availableForWrite()
 .text._ZN4Uart10IrqHandlerEv
                0x00006764       0xda C:\Users\nat\Documents\Arduino\fightstick\build/..\..\..\..\AppData\Local\Temp\arduino\cores\354d923f097ab52450be00e3593e9078\core.a(Uart.cpp.o)
                0x00006764                Uart::IrqHandler()
 *fill*         0x0000683e        0x2 
 .text._ZN4Uart5writeEh
                0x00006840       0xc4 C:\Users\nat\Documents\Arduino\fightstick\build/..\..\..\..\AppData\Local\Temp\arduino\cores\354d923f097ab52450be00e3593e9078\core.a(Uart.cpp.o)
                0x00006840                Uart::write(unsigned char)
 .text._ZN4Uart4readEv
                0x00006904       0x52 C:\Users\nat\Documents\Arduino\fightstick\build/..\..\..\..\AppData\Local\Temp\arduino\cores\354d923f097ab52450be00e3593e9078\core.a(Uart.cpp.o)
                0x00006904                Uart::read()
 .text.__cxa_pure_virtual
                0x00006956        0x2 C:\Users\nat\Documents\Arduino\fightstick\build/..\..\..\..\AppData\Local\Temp\arduino\cores\354d923f097ab52450be00e3593e9078\core.a(abi.cpp.o)
                0x00006956                __cxa_pure_virtual
 .text.Dummy_Handler
                0x00006958        0x2 C:\Users\nat\Documents\Arduino\fightstick\build/..\..\..\..\AppData\Local\Temp\arduino\cores\354d923f097ab52450be00e3593e9078\core.a(cortex_handlers.c.o)
                0x00006958                HardFault_Handler
                0x00006958                AC_Handler
                0x00006958                PendSV_Handler
                0x00006958                NMI_Handler
                0x00006958                TC7_Handler
                0x00006958                SERCOM1_Handler
                0x00006958                ADC_Handler
                0x00006958                TCC1_Handler
                0x00006958                SERCOM2_Handler
                0x00006958                TCC0_Handler
                0x00006958                RTC_Handler
                0x00006958                EIC_Handler
                0x00006958                TC6_Handler
                0x00006958                WDT_Handler
                0x00006958                TC4_Handler
                0x00006958                TC3_Handler
                0x00006958                Dummy_Handler
                0x00006958                PM_Handler
                0x00006958                SVC_Handler
                0x00006958                TCC2_Handler
                0x00006958                EVSYS_Handler
                0x00006958                SERCOM4_Handler
                0x00006958                I2S_Handler
                0x00006958                NVMCTRL_Handler
                0x00006958                DAC_Handler
                0x00006958                PTC_Handler
                0x00006958                SYSCTRL_Handler
 *fill*         0x0000695a        0x2 
 .text.USB_Handler
                0x0000695c       0x14 C:\Users\nat\Documents\Arduino\fightstick\build/..\..\..\..\AppData\Local\Temp\arduino\cores\354d923f097ab52450be00e3593e9078\core.a(cortex_handlers.c.o)
                0x0000695c                USB_Handler
 .text.Reset_Handler
                0x00006970       0x54 C:\Users\nat\Documents\Arduino\fightstick\build/..\..\..\..\AppData\Local\Temp\arduino\cores\354d923f097ab52450be00e3593e9078\core.a(cortex_handlers.c.o)
                0x00006970                Reset_Handler
 .text.SysTick_Handler
                0x000069c4       0x10 C:\Users\nat\Documents\Arduino\fightstick\build/..\..\..\..\AppData\Local\Temp\arduino\cores\354d923f097ab52450be00e3593e9078\core.a(cortex_handlers.c.o)
                0x000069c4                SysTick_Handler
 .text.USB_SetHandler
                0x000069d4        0xc C:\Users\nat\Documents\Arduino\fightstick\build/..\..\..\..\AppData\Local\Temp\arduino\cores\354d923f097ab52450be00e3593e9078\core.a(cortex_handlers.c.o)
                0x000069d4                USB_SetHandler
 .text.millis   0x000069e0        0xc C:\Users\nat\Documents\Arduino\fightstick\build/..\..\..\..\AppData\Local\Temp\arduino\cores\354d923f097ab52450be00e3593e9078\core.a(delay.c.o)
                0x000069e0                millis
 .text.micros   0x000069ec       0x60 C:\Users\nat\Documents\Arduino\fightstick\build/..\..\..\..\AppData\Local\Temp\arduino\cores\354d923f097ab52450be00e3593e9078\core.a(delay.c.o)
                0x000069ec                micros
 .text.delay    0x00006a4c       0x2c C:\Users\nat\Documents\Arduino\fightstick\build/..\..\..\..\AppData\Local\Temp\arduino\cores\354d923f097ab52450be00e3593e9078\core.a(delay.c.o)
                0x00006a4c                delay
 .text.SysTick_DefaultHandler
                0x00006a78       0x14 C:\Users\nat\Documents\Arduino\fightstick\build/..\..\..\..\AppData\Local\Temp\arduino\cores\354d923f097ab52450be00e3593e9078\core.a(delay.c.o)
                0x00006a78                SysTick_DefaultHandler
 .text.__empty  0x00006a8c        0x2 C:\Users\nat\Documents\Arduino\fightstick\build/..\..\..\..\AppData\Local\Temp\arduino\cores\354d923f097ab52450be00e3593e9078\core.a(hooks.c.o)
                0x00006a8c                yield
 .text.__false  0x00006a8e        0x4 C:\Users\nat\Documents\Arduino\fightstick\build/..\..\..\..\AppData\Local\Temp\arduino\cores\354d923f097ab52450be00e3593e9078\core.a(hooks.c.o)
                0x00006a8e                sysTickHook
 .text._Z11initVariantv
                0x00006a92        0x2 C:\Users\nat\Documents\Arduino\fightstick\build/..\..\..\..\AppData\Local\Temp\arduino\cores\354d923f097ab52450be00e3593e9078\core.a(main.cpp.o)
                0x00006a92                initVariant()
 .text.startup.main
                0x00006a94       0x44 C:\Users\nat\Documents\Arduino\fightstick\build/..\..\..\..\AppData\Local\Temp\arduino\cores\354d923f097ab52450be00e3593e9078\core.a(main.cpp.o)
                0x00006a94                main
 .text._Znwj    0x00006ad8        0x8 C:\Users\nat\Documents\Arduino\fightstick\build/..\..\..\..\AppData\Local\Temp\arduino\cores\354d923f097ab52450be00e3593e9078\core.a(new.cpp.o)
                0x00006ad8                operator new(unsigned int)
 .text._ZdlPv   0x00006ae0        0x8 C:\Users\nat\Documents\Arduino\fightstick\build/..\..\..\..\AppData\Local\Temp\arduino\cores\354d923f097ab52450be00e3593e9078\core.a(new.cpp.o)
                0x00006ae0                operator delete(void*)
 .text.SystemInit
                0x00006ae8      0x160 C:\Users\nat\Documents\Arduino\fightstick\build/..\..\..\..\AppData\Local\Temp\arduino\cores\354d923f097ab52450be00e3593e9078\core.a(startup.c.o)
                0x00006ae8                SystemInit
 .text.init     0x00006c48       0xe0 C:\Users\nat\Documents\Arduino\fightstick\build/..\..\..\..\AppData\Local\Temp\arduino\cores\354d923f097ab52450be00e3593e9078\core.a(wiring.c.o)
                0x00006c48                init
 .text.analogReference
                0x00006d28       0x88 C:\Users\nat\Documents\Arduino\fightstick\build/..\..\..\..\AppData\Local\Temp\arduino\cores\354d923f097ab52450be00e3593e9078\core.a(wiring_analog.c.o)
                0x00006d28                analogReference
 .text.pinMode  0x00006db0       0x60 C:\Users\nat\Documents\Arduino\fightstick\build/..\..\..\..\AppData\Local\Temp\arduino\cores\354d923f097ab52450be00e3593e9078\core.a(wiring_digital.c.o)
                0x00006db0                pinMode
 .text.digitalWrite
                0x00006e10       0x58 C:\Users\nat\Documents\Arduino\fightstick\build/..\..\..\..\AppData\Local\Temp\arduino\cores\354d923f097ab52450be00e3593e9078\core.a(wiring_digital.c.o)
                0x00006e10                digitalWrite
 .text.pinPeripheral
                0x00006e68       0xbc C:\Users\nat\Documents\Arduino\fightstick\build/..\..\..\..\AppData\Local\Temp\arduino\cores\354d923f097ab52450be00e3593e9078\core.a(wiring_private.c.o)
                0x00006e68                pinPeripheral
 .text.initiateReset
                0x00006f24        0xc C:\Users\nat\Documents\Arduino\fightstick\build/..\..\..\..\AppData\Local\Temp\arduino\cores\354d923f097ab52450be00e3593e9078\core.a(Reset.cpp.o)
                0x00006f24                initiateReset
 .text.cancelReset
                0x00006f30       0x10 C:\Users\nat\Documents\Arduino\fightstick\build/..\..\..\..\AppData\Local\Temp\arduino\cores\354d923f097ab52450be00e3593e9078\core.a(Reset.cpp.o)
                0x00006f30                cancelReset
 .text.tickReset
                0x00006f40       0x74 C:\Users\nat\Documents\Arduino\fightstick\build/..\..\..\..\AppData\Local\Temp\arduino\cores\354d923f097ab52450be00e3593e9078\core.a(Reset.cpp.o)
                0x00006f40                tickReset
 .text._ZN13PluggableUSB_12getInterfaceEPh
                0x00006fb4       0x28 C:\Users\nat\Documents\Arduino\fightstick\build/..\..\..\..\AppData\Local\Temp\arduino\cores\354d923f097ab52450be00e3593e9078\core.a(PluggableUSB.cpp.o)
                0x00006fb4                PluggableUSB_::getInterface(unsigned char*)
 .text._ZN13PluggableUSB_13getDescriptorER8USBSetup
                0x00006fdc       0x20 C:\Users\nat\Documents\Arduino\fightstick\build/..\..\..\..\AppData\Local\Temp\arduino\cores\354d923f097ab52450be00e3593e9078\core.a(PluggableUSB.cpp.o)
                0x00006fdc                PluggableUSB_::getDescriptor(USBSetup&)
 .text._ZN13PluggableUSB_5setupER8USBSetup
                0x00006ffc       0x20 C:\Users\nat\Documents\Arduino\fightstick\build/..\..\..\..\AppData\Local\Temp\arduino\cores\354d923f097ab52450be00e3593e9078\core.a(PluggableUSB.cpp.o)
                0x00006ffc                PluggableUSB_::setup(USBSetup&)
 .text._Z12PluggableUSBv
                0x0000701c       0x28 C:\Users\nat\Documents\Arduino\fightstick\build/..\..\..\..\AppData\Local\Temp\arduino\cores\354d923f097ab52450be00e3593e9078\core.a(PluggableUSB.cpp.o)
                0x0000701c                PluggableUSB()
 .text._ZN20USBDevice_SAMD21G18x5resetEv
                0x00007044       0x2a C:\Users\nat\Documents\Arduino\fightstick\build/..\..\..\..\AppData\Local\Temp\arduino\cores\354d923f097ab52450be00e3593e9078\core.a(SAMD21_USBDevice.cpp.o)
                0x00007044                USBDevice_SAMD21G18x::reset()
 *fill*         0x0000706e        0x2 
 .text._ZN20USBDevice_SAMD21G18x9calibrateEv
                0x00007070       0x60 C:\Users\nat\Documents\Arduino\fightstick\build/..\..\..\..\AppData\Local\Temp\arduino\cores\354d923f097ab52450be00e3593e9078\core.a(SAMD21_USBDevice.cpp.o)
                0x00007070                USBDevice_SAMD21G18x::calibrate()
 .text.__aeabi_atexit
                0x000070d0        0xe c:/users/nat/appdata/local/arduino15/packages/adafruit/tools/arm-none-eabi-gcc/9-2019q4/bin/../lib/gcc/arm-none-eabi/9.2.1/../../../../arm-none-eabi/lib/thumb/v6-m/nofp\libstdc++_nano.a(atexit_arm.o)
                0x000070d0                __aeabi_atexit
 *fill*         0x000070de        0x2 
 .text          0x000070e0       0x14 c:/users/nat/appdata/local/arduino15/packages/adafruit/tools/arm-none-eabi-gcc/9-2019q4/bin/../lib/gcc/arm-none-eabi/9.2.1/thumb/v6-m/nofp\libgcc.a(_thumb1_case_uqi.o)
                0x000070e0                __gnu_thumb1_case_uqi
 .text          0x000070f4      0x114 c:/users/nat/appdata/local/arduino15/packages/adafruit/tools/arm-none-eabi-gcc/9-2019q4/bin/../lib/gcc/arm-none-eabi/9.2.1/thumb/v6-m/nofp\libgcc.a(_udivsi3.o)
                0x000070f4                __aeabi_uidiv
                0x000070f4                __udivsi3
                0x00007200                __aeabi_uidivmod
 .text          0x00007208        0x4 c:/users/nat/appdata/local/arduino15/packages/adafruit/tools/arm-none-eabi-gcc/9-2019q4/bin/../lib/gcc/arm-none-eabi/9.2.1/thumb/v6-m/nofp\libgcc.a(_dvmd_tls.o)
                0x00007208                __aeabi_idiv0
                0x00007208                __aeabi_ldiv0
 .text.__assert_func
                0x0000720c       0x3c c:/users/nat/appdata/local/arduino15/packages/adafruit/tools/arm-none-eabi-gcc/9-2019q4/bin/../lib/gcc/arm-none-eabi/9.2.1/../../../../arm-none-eabi/lib/thumb/v6-m/nofp\libc_nano.a(lib_a-assert.o)
                0x0000720c                __assert_func
 .text.__cxa_atexit
                0x00007248       0x1c c:/users/nat/appdata/local/arduino15/packages/adafruit/tools/arm-none-eabi-gcc/9-2019q4/bin/../lib/gcc/arm-none-eabi/9.2.1/../../../../arm-none-eabi/lib/thumb/v6-m/nofp\libc_nano.a(lib_a-cxa_atexit.o)
                0x00007248                __cxa_atexit
 .text.fprintf  0x00007264       0x20 c:/users/nat/appdata/local/arduino15/packages/adafruit/tools/arm-none-eabi-gcc/9-2019q4/bin/../lib/gcc/arm-none-eabi/9.2.1/../../../../arm-none-eabi/lib/thumb/v6-m/nofp\libc_nano.a(lib_a-fprintf.o)
                0x00007264                fiprintf
                0x00007264                fprintf
 .text.__libc_init_array
                0x00007284       0x48 c:/users/nat/appdata/local/arduino15/packages/adafruit/tools/arm-none-eabi-gcc/9-2019q4/bin/../lib/gcc/arm-none-eabi/9.2.1/../../../../arm-none-eabi/lib/thumb/v6-m/nofp\libc_nano.a(lib_a-init.o)
                0x00007284                __libc_init_array
 .text.memalign
                0x000072cc       0x14 c:/users/nat/appdata/local/arduino15/packages/adafruit/tools/arm-none-eabi-gcc/9-2019q4/bin/../lib/gcc/arm-none-eabi/9.2.1/../../../../arm-none-eabi/lib/thumb/v6-m/nofp\libc_nano.a(lib_a-malign.o)
                0x000072cc                memalign
 .text.malloc   0x000072e0       0x14 c:/users/nat/appdata/local/arduino15/packages/adafruit/tools/arm-none-eabi-gcc/9-2019q4/bin/../lib/gcc/arm-none-eabi/9.2.1/../../../../arm-none-eabi/lib/thumb/v6-m/nofp\libc_nano.a(lib_a-malloc.o)
                0x000072e0                malloc
 .text.free     0x000072f4       0x14 c:/users/nat/appdata/local/arduino15/packages/adafruit/tools/arm-none-eabi-gcc/9-2019q4/bin/../lib/gcc/arm-none-eabi/9.2.1/../../../../arm-none-eabi/lib/thumb/v6-m/nofp\libc_nano.a(lib_a-malloc.o)
                0x000072f4                free
 .text.memcpy   0x00007308       0x12 c:/users/nat/appdata/local/arduino15/packages/adafruit/tools/arm-none-eabi-gcc/9-2019q4/bin/../lib/gcc/arm-none-eabi/9.2.1/../../../../arm-none-eabi/lib/thumb/v6-m/nofp\libc_nano.a(lib_a-memcpy-stub.o)
                0x00007308                memcpy
 .text.memset   0x0000731a       0x10 c:/users/nat/appdata/local/arduino15/packages/adafruit/tools/arm-none-eabi-gcc/9-2019q4/bin/../lib/gcc/arm-none-eabi/9.2.1/../../../../arm-none-eabi/lib/thumb/v6-m/nofp\libc_nano.a(lib_a-memset.o)
                0x0000731a                memset
 *fill*         0x0000732a        0x2 
 .text._free_r  0x0000732c       0x94 c:/users/nat/appdata/local/arduino15/packages/adafruit/tools/arm-none-eabi-gcc/9-2019q4/bin/../lib/gcc/arm-none-eabi/9.2.1/../../../../arm-none-eabi/lib/thumb/v6-m/nofp\libc_nano.a(lib_a-nano-freer.o)
                0x0000732c                _free_r
 .text._memalign_r
                0x000073c0       0x8c c:/users/nat/appdata/local/arduino15/packages/adafruit/tools/arm-none-eabi-gcc/9-2019q4/bin/../lib/gcc/arm-none-eabi/9.2.1/../../../../arm-none-eabi/lib/thumb/v6-m/nofp\libc_nano.a(lib_a-nano-malignr.o)
                0x000073c0                _memalign_r
 .text._malloc_r
                0x0000744c       0xbc c:/users/nat/appdata/local/arduino15/packages/adafruit/tools/arm-none-eabi-gcc/9-2019q4/bin/../lib/gcc/arm-none-eabi/9.2.1/../../../../arm-none-eabi/lib/thumb/v6-m/nofp\libc_nano.a(lib_a-nano-mallocr.o)
                0x0000744c                _malloc_r
 .text.__sfputc_r
                0x00007508       0x2a c:/users/nat/appdata/local/arduino15/packages/adafruit/tools/arm-none-eabi-gcc/9-2019q4/bin/../lib/gcc/arm-none-eabi/9.2.1/../../../../arm-none-eabi/lib/thumb/v6-m/nofp\libc_nano.a(lib_a-nano-vfprintf.o)
 .text.__sfputs_r
                0x00007532       0x24 c:/users/nat/appdata/local/arduino15/packages/adafruit/tools/arm-none-eabi-gcc/9-2019q4/bin/../lib/gcc/arm-none-eabi/9.2.1/../../../../arm-none-eabi/lib/thumb/v6-m/nofp\libc_nano.a(lib_a-nano-vfprintf.o)
                0x00007532                __sfputs_r
 *fill*         0x00007556        0x2 
 .text._vfprintf_r
                0x00007558      0x274 c:/users/nat/appdata/local/arduino15/packages/adafruit/tools/arm-none-eabi-gcc/9-2019q4/bin/../lib/gcc/arm-none-eabi/9.2.1/../../../../arm-none-eabi/lib/thumb/v6-m/nofp\libc_nano.a(lib_a-nano-vfprintf.o)
                0x00007558                _vfprintf_r
                0x00007558                _vfiprintf_r
 .text._printf_common
                0x000077cc       0xde c:/users/nat/appdata/local/arduino15/packages/adafruit/tools/arm-none-eabi-gcc/9-2019q4/bin/../lib/gcc/arm-none-eabi/9.2.1/../../../../arm-none-eabi/lib/thumb/v6-m/nofp\libc_nano.a(lib_a-nano-vfprintf_i.o)
                0x000077cc                _printf_common
 *fill*         0x000078aa        0x2 
 .text._printf_i
                0x000078ac      0x224 c:/users/nat/appdata/local/arduino15/packages/adafruit/tools/arm-none-eabi-gcc/9-2019q4/bin/../lib/gcc/arm-none-eabi/9.2.1/../../../../arm-none-eabi/lib/thumb/v6-m/nofp\libc_nano.a(lib_a-nano-vfprintf_i.o)
                0x000078ac                _printf_i
 .text._sbrk_r  0x00007ad0       0x24 c:/users/nat/appdata/local/arduino15/packages/adafruit/tools/arm-none-eabi-gcc/9-2019q4/bin/../lib/gcc/arm-none-eabi/9.2.1/../../../../arm-none-eabi/lib/thumb/v6-m/nofp\libc_nano.a(lib_a-sbrkr.o)
                0x00007ad0                _sbrk_r
 .text          0x00007af4        0xe c:/users/nat/appdata/local/arduino15/packages/adafruit/tools/arm-none-eabi-gcc/9-2019q4/bin/../lib/gcc/arm-none-eabi/9.2.1/../../../../arm-none-eabi/lib/thumb/v6-m/nofp\libc_nano.a(lib_a-strlen.o)
                0x00007af4                strlen
 *fill*         0x00007b02        0x2 
 .text.__swbuf_r
                0x00007b04       0xac c:/users/nat/appdata/local/arduino15/packages/adafruit/tools/arm-none-eabi-gcc/9-2019q4/bin/../lib/gcc/arm-none-eabi/9.2.1/../../../../arm-none-eabi/lib/thumb/v6-m/nofp\libc_nano.a(lib_a-wbuf.o)
                0x00007b04                __swbuf_r
 .text.__swsetup_r
                0x00007bb0       0xf0 c:/users/nat/appdata/local/arduino15/packages/adafruit/tools/arm-none-eabi-gcc/9-2019q4/bin/../lib/gcc/arm-none-eabi/9.2.1/../../../../arm-none-eabi/lib/thumb/v6-m/nofp\libc_nano.a(lib_a-wsetup.o)
                0x00007bb0                __swsetup_r
 .text.abort    0x00007ca0        0xe c:/users/nat/appdata/local/arduino15/packages/adafruit/tools/arm-none-eabi-gcc/9-2019q4/bin/../lib/gcc/arm-none-eabi/9.2.1/../../../../arm-none-eabi/lib/thumb/v6-m/nofp\libc_nano.a(lib_a-abort.o)
                0x00007ca0                abort
 *fill*         0x00007cae        0x2 
 .text.__sflush_r
                0x00007cb0      0x118 c:/users/nat/appdata/local/arduino15/packages/adafruit/tools/arm-none-eabi-gcc/9-2019q4/bin/../lib/gcc/arm-none-eabi/9.2.1/../../../../arm-none-eabi/lib/thumb/v6-m/nofp\libc_nano.a(lib_a-fflush.o)
                0x00007cb0                __sflush_r
 .text._fflush_r
                0x00007dc8       0x80 c:/users/nat/appdata/local/arduino15/packages/adafruit/tools/arm-none-eabi-gcc/9-2019q4/bin/../lib/gcc/arm-none-eabi/9.2.1/../../../../arm-none-eabi/lib/thumb/v6-m/nofp\libc_nano.a(lib_a-fflush.o)
                0x00007dc8                _fflush_r
 .text.std      0x00007e48       0x48 c:/users/nat/appdata/local/arduino15/packages/adafruit/tools/arm-none-eabi-gcc/9-2019q4/bin/../lib/gcc/arm-none-eabi/9.2.1/../../../../arm-none-eabi/lib/thumb/v6-m/nofp\libc_nano.a(lib_a-findfp.o)
 .text._cleanup_r
                0x00007e90       0x10 c:/users/nat/appdata/local/arduino15/packages/adafruit/tools/arm-none-eabi-gcc/9-2019q4/bin/../lib/gcc/arm-none-eabi/9.2.1/../../../../arm-none-eabi/lib/thumb/v6-m/nofp\libc_nano.a(lib_a-findfp.o)
                0x00007e90                _cleanup_r
 .text.__sfmoreglue
                0x00007ea0       0x2c c:/users/nat/appdata/local/arduino15/packages/adafruit/tools/arm-none-eabi-gcc/9-2019q4/bin/../lib/gcc/arm-none-eabi/9.2.1/../../../../arm-none-eabi/lib/thumb/v6-m/nofp\libc_nano.a(lib_a-findfp.o)
                0x00007ea0                __sfmoreglue
 .text.__sfp_lock_acquire
                0x00007ecc       0x10 c:/users/nat/appdata/local/arduino15/packages/adafruit/tools/arm-none-eabi-gcc/9-2019q4/bin/../lib/gcc/arm-none-eabi/9.2.1/../../../../arm-none-eabi/lib/thumb/v6-m/nofp\libc_nano.a(lib_a-findfp.o)
                0x00007ecc                __sfp_lock_acquire
 .text.__sfp_lock_release
                0x00007edc       0x10 c:/users/nat/appdata/local/arduino15/packages/adafruit/tools/arm-none-eabi-gcc/9-2019q4/bin/../lib/gcc/arm-none-eabi/9.2.1/../../../../arm-none-eabi/lib/thumb/v6-m/nofp\libc_nano.a(lib_a-findfp.o)
                0x00007edc                __sfp_lock_release
 .text.__sinit_lock_acquire
                0x00007eec       0x10 c:/users/nat/appdata/local/arduino15/packages/adafruit/tools/arm-none-eabi-gcc/9-2019q4/bin/../lib/gcc/arm-none-eabi/9.2.1/../../../../arm-none-eabi/lib/thumb/v6-m/nofp\libc_nano.a(lib_a-findfp.o)
                0x00007eec                __sinit_lock_acquire
 .text.__sinit_lock_release
                0x00007efc       0x10 c:/users/nat/appdata/local/arduino15/packages/adafruit/tools/arm-none-eabi-gcc/9-2019q4/bin/../lib/gcc/arm-none-eabi/9.2.1/../../../../arm-none-eabi/lib/thumb/v6-m/nofp\libc_nano.a(lib_a-findfp.o)
                0x00007efc                __sinit_lock_release
 .text.__sinit  0x00007f0c       0x70 c:/users/nat/appdata/local/arduino15/packages/adafruit/tools/arm-none-eabi-gcc/9-2019q4/bin/../lib/gcc/arm-none-eabi/9.2.1/../../../../arm-none-eabi/lib/thumb/v6-m/nofp\libc_nano.a(lib_a-findfp.o)
                0x00007f0c                __sinit
 .text.__sfp    0x00007f7c       0x90 c:/users/nat/appdata/local/arduino15/packages/adafruit/tools/arm-none-eabi-gcc/9-2019q4/bin/../lib/gcc/arm-none-eabi/9.2.1/../../../../arm-none-eabi/lib/thumb/v6-m/nofp\libc_nano.a(lib_a-findfp.o)
                0x00007f7c                __sfp
 .text._fwalk_reent
                0x0000800c       0x40 c:/users/nat/appdata/local/arduino15/packages/adafruit/tools/arm-none-eabi-gcc/9-2019q4/bin/../lib/gcc/arm-none-eabi/9.2.1/../../../../arm-none-eabi/lib/thumb/v6-m/nofp\libc_nano.a(lib_a-fwalk.o)
                0x0000800c                _fwalk_reent
 .text.__retarget_lock_init_recursive
                0x0000804c        0x2 c:/users/nat/appdata/local/arduino15/packages/adafruit/tools/arm-none-eabi-gcc/9-2019q4/bin/../lib/gcc/arm-none-eabi/9.2.1/../../../../arm-none-eabi/lib/thumb/v6-m/nofp\libc_nano.a(lib_a-lock.o)
                0x0000804c                __retarget_lock_init_recursive
 .text.__retarget_lock_acquire_recursive
                0x0000804e        0x2 c:/users/nat/appdata/local/arduino15/packages/adafruit/tools/arm-none-eabi-gcc/9-2019q4/bin/../lib/gcc/arm-none-eabi/9.2.1/../../../../arm-none-eabi/lib/thumb/v6-m/nofp\libc_nano.a(lib_a-lock.o)
                0x0000804e                __retarget_lock_acquire_recursive
 .text.__retarget_lock_release_recursive
                0x00008050        0x2 c:/users/nat/appdata/local/arduino15/packages/adafruit/tools/arm-none-eabi-gcc/9-2019q4/bin/../lib/gcc/arm-none-eabi/9.2.1/../../../../arm-none-eabi/lib/thumb/v6-m/nofp\libc_nano.a(lib_a-lock.o)
                0x00008050                __retarget_lock_release_recursive
 *fill*         0x00008052        0x2 
 .text.__swhatbuf_r
                0x00008054       0x50 c:/users/nat/appdata/local/arduino15/packages/adafruit/tools/arm-none-eabi-gcc/9-2019q4/bin/../lib/gcc/arm-none-eabi/9.2.1/../../../../arm-none-eabi/lib/thumb/v6-m/nofp\libc_nano.a(lib_a-makebuf.o)
                0x00008054                __swhatbuf_r
 .text.__smakebuf_r
                0x000080a4       0x88 c:/users/nat/appdata/local/arduino15/packages/adafruit/tools/arm-none-eabi-gcc/9-2019q4/bin/../lib/gcc/arm-none-eabi/9.2.1/../../../../arm-none-eabi/lib/thumb/v6-m/nofp\libc_nano.a(lib_a-makebuf.o)
                0x000080a4                __smakebuf_r
 .text.memchr   0x0000812c       0x16 c:/users/nat/appdata/local/arduino15/packages/adafruit/tools/arm-none-eabi-gcc/9-2019q4/bin/../lib/gcc/arm-none-eabi/9.2.1/../../../../arm-none-eabi/lib/thumb/v6-m/nofp\libc_nano.a(lib_a-memchr-stub.o)
                0x0000812c                memchr
 *fill*         0x00008142        0x2 
 .text.__malloc_lock
                0x00008144       0x10 c:/users/nat/appdata/local/arduino15/packages/adafruit/tools/arm-none-eabi-gcc/9-2019q4/bin/../lib/gcc/arm-none-eabi/9.2.1/../../../../arm-none-eabi/lib/thumb/v6-m/nofp\libc_nano.a(lib_a-mlock.o)
                0x00008144                __malloc_lock
 .text.__malloc_unlock
                0x00008154       0x10 c:/users/nat/appdata/local/arduino15/packages/adafruit/tools/arm-none-eabi-gcc/9-2019q4/bin/../lib/gcc/arm-none-eabi/9.2.1/../../../../arm-none-eabi/lib/thumb/v6-m/nofp\libc_nano.a(lib_a-mlock.o)
                0x00008154                __malloc_unlock
 .text._raise_r
                0x00008164       0x54 c:/users/nat/appdata/local/arduino15/packages/adafruit/tools/arm-none-eabi-gcc/9-2019q4/bin/../lib/gcc/arm-none-eabi/9.2.1/../../../../arm-none-eabi/lib/thumb/v6-m/nofp\libc_nano.a(lib_a-signal.o)